cnf/lst/infra.include.lst
Makefile
cnf/lst/infra.exclude.lst
cnf/lst/infra.include.lst
cnf/lst/run.sh.exclude.lst
cnf/lst/run.sh.include.lst
cnf/terraform/step-dependencies.json
cnf/terraform/step-dependencies.yaml
dat/tpl/docker-task.mk
lib/bash/fetch-resources.sh
lib/bash/funcs/export-json-section-vars.func.sh
lib/bash/funcs/flush-screen.func.sh
lib/bash/funcs/mac-install-bins.func.sh
lib/bash/funcs/manjaro-install-bins.func.sh
lib/bash/funcs/morph-dir.func.sh
lib/bash/funcs/oae.func.sh
lib/bash/funcs/parse-ini-section-vars.func.sh
lib/bash/funcs/read-conf-section.func.sh
lib/bash/funcs/require-var.func.sh
lib/bash/funcs/set-vars-on-alpine.func.sh
lib/bash/funcs/set-vars-on-mac.func.sh
lib/bash/funcs/set-vars-on-suse.func.sh
lib/bash/funcs/set-vars-on-ubuntu.func.sh
lib/bash/funcs/suse-install-bins.func.sh
lib/bash/funcs/test-helpers.sh
lib/bash/funcs/ubuntu-install-bins.func.sh
lib/bash/funcs/zip-me.func.sh
lib/make/check-terraform.func.mk
lib/make/demand-var.func.mk
lib/make/install-img.func.mk
lib/make/make-help.func.mk
lib/make/oae.func.mk
lib/make/prune-docker-system.func.mk
lib/make/set-default-shell.mk
lib/make/set-env.func.mk
lib/make/stop-img-containers.func.mk
lib/make/zip-me.func.mk
lib/tpl/docker-task.mk
lib/tpl/terraform/step-remote-bucket/01-main.tf
lib/tpl/terraform/step-remote-bucket/02-variables.tf
lib/tpl/terraform/step-remote-bucket/03-s3-bucket.tf
lib/tpl/terraform/step-remote-bucket/tpl/step-name-remote-bucket.vars.tfvars.tpl
lib/tpl/terraform/step-remote-bucket/tpl/step-name.backend-config.tfvars.tpl
lib/tpl/terraform/step-remote-bucket/tpl/step-name.vars.tfvars.tpl
lib/tpl/terraform/step/00-versions.tf
lib/tpl/terraform/step/01-providers.tf
lib/tpl/terraform/step/02-variables.tf
lib/tpl/terraform/step/03-outputs.tf
lib/tpl/terraform/step/04-data.tf
lib/tpl/terraform/step/05-locals.tf
src/bash/run/add-new-aws-infra-admin-user.func.sh
src/bash/run/apply-ad-secrets-to-k8s.func.sh
src/bash/run/backup-postgres-all-dbs.func.sh
src/bash/run/backup-postgres-db.func.sh
src/bash/run/check-install-poetry.func.sh
src/bash/run/check-install-py-modules.func.sh
src/bash/run/check-install-terraform.func.sh
src/bash/run/copy-ecr-data.func.sh
src/bash/run/create-all-db-snapshots.func.sh
src/bash/run/create-postgres-all-db-users.func.sh
src/bash/run/create-postgres-all-dbs.func.sh
src/bash/run/create-postgres-db-user.func.sh
src/bash/run/create-postgres-db.func.sh
src/bash/run/create-root-admin-assume-policies.func.sh
src/bash/run/docker-init-tf-runner.sh
src/bash/run/drop-postgres-all-db-users.func.sh
src/bash/run/drop-postgres-all-dbs.func.sh
src/bash/run/drop-postgres-db-user.func.sh
src/bash/run/drop-postgres-db.func.sh
src/bash/run/empty-bucket.func.sh
src/bash/run/generate-aws-admin-roles-switching.func.sh
src/bash/run/generate-aws-credentials-file.func.sh
src/bash/run/generate-aws-roles-switching.func.sh
src/bash/run/generate-docker-tasks.func.sh
src/bash/run/get-microservices-versions-from-k8s.func.sh
src/bash/run/infra-run.func.sh
src/bash/run/infra-spindown.func.sh
src/bash/run/infra-spinup.func.sh
src/bash/run/install-terraform.func.sh
src/bash/run/morph-dir.func.sh
src/bash/run/morph-module.func.sh
src/bash/run/print-usage.func.sh
src/bash/run/provision-011-commit-remote-bucket-aws-accounts.func.sh
src/bash/run/provision.func.sh
src/bash/run/psql-alter-all-db-microservice-users.func.sh
src/bash/run/psql-alter-db-microservice-user-password.func.sh
src/bash/run/psql-alter-db-microservice-user.func.sh
src/bash/run/psql-create-db-microservice-user.func.sh
src/bash/run/psql-create-db.func.sh
src/bash/run/psql-drop-db-microservice-user.func.sh
src/bash/run/psql-drop-db.func.sh
src/bash/run/psql-generate-scripts.func.sh
src/bash/run/psql-generic-script.func.sh
src/bash/run/psql-get-credentials.func.sh
src/bash/run/remove-aws-infra-admin-user.func.sh
src/bash/run/remove-bucket.func.sh
src/bash/run/run.sh
src/bash/run/scan-to-list-file.func.sh
src/bash/run/set-vars-on-alpine.func.sh
src/bash/run/set-vars-on-mac.func.sh
src/bash/run/set-vars-on-manjaro.func.sh
src/bash/run/set-vars-on-suse.func.sh
src/bash/run/set-vars-on-ubuntu.func.sh
src/bash/run/test-020-static-sites.func.sh
src/bash/run/tf-apply-local.func.sh
src/bash/run/tf-apply-target.func.sh
src/bash/run/tf-apply.func.sh
src/bash/run/tf-destroy-local.func.sh
src/bash/run/tf-destroy-target.func.sh
src/bash/run/tf-destroy.func.sh
src/bash/run/tf-import.func.sh
src/bash/run/tf-new-step.func.sh
src/bash/run/tf-plan.func.sh
src/bash/run/tf-remove-step.func.sh
src/bash/run/tf-replace-target.func.sh
src/bash/run/tf-state-list.func.sh
src/bash/run/tf-state-pull.func.sh
src/bash/run/tf-state-push.func.sh
src/bash/run/tf-state-remove.func.sh
src/bash/run/tf-state-show.func.sh
src/bash/run/tf-taint-target.func.sh
src/bash/run/tf-untaint-target.func.sh
src/bash/run/tpl-gen.func.sh
src/bash/run/ubuntu-check-install-docker.func.sh
src/bash/run/update-master-iam-user-password.func.sh
src/bash/run/upgrade-postgres-to-v11.func.sh
src/bash/run/zip-me-as-module.func.sh
src/bash/scripts/copy-ecr-images-cp.sh
src/bash/scripts/copy-policies-cnf-files.sh
src/bash/scripts/export-aws-hosted-zone-into-file.sh
src/docker/tf-runner/Dockerfile.arm64
src/docker/tf-runner/Dockerfile.x86_64
src/make/aws-credentials.func.mk
src/make/aws-roles-switching.func.mk
src/make/docker-generate-provisioning-tasks.mk
src/make/docker-provisoning-tasks.mk
src/make/install-img-tf-runner.func.mk
src/make/install-terraform.func.mk
src/make/psql-generate-scrips.func.mk
src/make/psql.func.mk
src/make/terraform-tasks.incl.mk
src/make/tpl-gen.incl.mk
src/perl/scripts/generate-aws-switch-roles-bookmarks.pl
src/python/aws-credentials/aws-credentials.py
src/python/aws/examples/main.py
src/terraform/053-doc-mon-cms-remote-bucket/01-main.tf
src/terraform/053-doc-mon-cms-remote-bucket/02-variables.tf
src/terraform/053-doc-mon-cms-remote-bucket/03-s3-bucket.tf
src/terraform/053-doc-mon-cms/01-main.tf
src/terraform/053-doc-mon-cms/02-variables.tf
src/terraform/053-doc-mon-cms/03-vpc.tf
src/terraform/053-doc-mon-cms/04-local.tf
src/terraform/053-doc-mon-cms/05-data.tf
src/terraform/053-doc-mon-cms/06-ami.tf
src/terraform/053-doc-mon-cms/07-security-groups.tf
src/terraform/053-doc-mon-cms/08-ssh-keys.tf
src/terraform/053-doc-mon-cms/09-instance-profile.tf
src/terraform/053-doc-mon-cms/10-ec2-instance.tf
src/terraform/053-doc-mon-cms/11-iam-roles.tf
src/terraform/053-doc-mon-cms/12-dns.tf
src/terraform/053-doc-mon-cms/99-outputs.tf
src/terraform/053-doc-mon-cms/templates/user-data.txt
src/terraform/070-coupling-remote-bucket/01-main.tf
src/terraform/070-coupling-remote-bucket/02-variables.tf
src/terraform/070-coupling-remote-bucket/03-s3-bucket.tf
src/terraform/070-coupling/01-main.tf
src/terraform/070-coupling/02-variables.tf
src/terraform/070-coupling/03-outputs.tf
src/terraform/070-coupling/04-data.tf
src/terraform/070-coupling/06-vpc-peering-rds-eks.tf
src/terraform/070-coupling/07-vpc-peering-rds-wg.tf
src/terraform/070-coupling/08-vpc-peering-eks-wg.tf
src/terraform/070-coupling/09-asm-sync.tf
src/terraform/modules/account-id-filter-by-name/main.tf
src/terraform/modules/account-id-filter-by-name/variables.tf
src/terraform/modules/aws-account/main.tf
src/terraform/modules/aws-account/outputs.tf
src/terraform/modules/aws-account/variables.tf
src/terraform/modules/aws-route53-subdomain/main.tf
src/terraform/modules/aws-route53-subdomain/variables.tf
src/terraform/modules/aws-static-website-01/01-providers.tf
src/terraform/modules/aws-static-website-01/02-variables.tf
src/terraform/modules/aws-static-website-01/03-acm-certificate.tf
src/terraform/modules/aws-static-website-01/04-cloudfront-oae.tf
src/terraform/modules/aws-static-website-01/05-s3-bucket.tf
src/terraform/modules/aws-static-website-01/06-cloudfront-distribution.tf
src/terraform/modules/aws-static-website-01/07-record-set.tf
src/terraform/modules/aws-static-website-01/99-outputs.tf
src/terraform/modules/aws-static-website-02/01-providers.tf
src/terraform/modules/aws-static-website-02/02-variables.tf
src/terraform/modules/aws-static-website-02/03-acm-certificate.tf
src/terraform/modules/aws-static-website-02/04-cloudfront-oae.tf
src/terraform/modules/aws-static-website-02/05-s3-bucket.tf
src/terraform/modules/aws-static-website-02/06-cloudfront-distribution.tf
src/terraform/modules/aws-static-website-02/07-record-set.tf
src/terraform/modules/aws-static-website-02/99-outputs.tf
src/terraform/modules/aws-static-website/01-main.tf
src/terraform/modules/aws-static-website/02-variables.tf
src/terraform/modules/aws-static-website/03-acm-certificate.tf
src/terraform/modules/aws-static-website/04-bucket.tf
src/terraform/modules/aws-static-website/05-cloudfront-distribution.tf
src/terraform/modules/aws-static-website/06-record-set.tf
src/terraform/modules/persistent-ec2/01-versions.tf
src/terraform/modules/persistent-ec2/02-variables.tf
src/terraform/modules/persistent-ec2/03-outputs.tf
src/terraform/modules/persistent-ec2/04-data.tf
src/terraform/modules/persistent-ec2/05-locals.tf
src/terraform/modules/persistent-ec2/06-ssh-keys.tf
src/terraform/modules/persistent-ec2/07-iam-instance-profile.tf
src/terraform/modules/persistent-ec2/08-ec2.tf
src/terraform/modules/persistent-ec2/09-ebs-attachment.tf
src/terraform/modules/persistent-ec2/templates/user-data.txt
src/terraform/modules/state-bucket/01-variables.tf
src/terraform/modules/state-bucket/02-state-bucket.tf
sub/sess-token-getter/src/python/scripts/aws-utils.py
sub/sess-token-getter/src/python/scripts/classes/AWSAccount.py
sub/sess-token-getter/src/python/scripts/classes/__pycache__/AWSAccount.cpython-38.pyc
