cnf/lst/infra-mon.include.lst
.editorconfig
Makefile
cnf/env/csi/.editorconfig
cnf/env/csi/Makefile
cnf/env/csi/cnf/lst/run.sh.exclude.lst
cnf/env/csi/cnf/lst/run.sh.include.lst
cnf/env/csi/dat/tmp/.found-generate-docker-tasks
cnf/env/csi/htr/all.env.json
cnf/env/csi/htr/all.env.yaml
cnf/env/csi/htr/all/003-aws-scps/allow-scp-csi-htr-all-idy.json
cnf/env/csi/htr/all/003-aws-scps/allow-scp-csi-htr-all-rcr.json
cnf/env/csi/htr/all/003-aws-scps/deny-scp-csi-htr-all-idy.json
cnf/env/csi/htr/all/003-aws-scps/deny-scp-csi-htr-all-rcr.json
cnf/env/csi/htr/all/006-individual-users/users.json
cnf/env/csi/htr/all/006-individual-users/users.yaml
cnf/env/csi/htr/all/report/config.md
cnf/env/csi/htr/all/tf/002-aws-accounts-remote-bucket.vars.tfvars
cnf/env/csi/htr/all/tf/002-aws-accounts.backend-config.tfvars
cnf/env/csi/htr/all/tf/002-aws-accounts.vars.tfvars
cnf/env/csi/htr/all/tf/003-aws-scps-remote-bucket.vars.tfvars
cnf/env/csi/htr/all/tf/003-aws-scps.backend-config.tfvars
cnf/env/csi/htr/all/tf/003-aws-scps.vars.tfvars
cnf/env/csi/htr/all/tf/004-aws-iam.vars.tfvars
cnf/env/csi/htr/all/tf/005-sys-users.vars.tfvars
cnf/env/csi/htr/all/tf/006-individual-users-remote-bucket.vars.tfvars
cnf/env/csi/htr/all/tf/006-individual-users.backend-config.tfvars
cnf/env/csi/htr/all/tf/006-individual-users.vars.tfvars
cnf/env/csi/htr/all/tf/007-dns-remote-bucket.vars.tfvars
cnf/env/csi/htr/all/tf/007-dns.backend-config.tfvars
cnf/env/csi/htr/all/tf/007-dns.vars.tfvars
cnf/env/csi/htr/all/tf/008-ecr.vars.tfvars
cnf/env/csi/htr/all/tf/009-budgets.vars.tfvars
cnf/env/csi/htr/all/tf/010-static-sites.vars.tfvars
cnf/env/csi/htr/all/tf/011-static-sites.vars.tfvars
cnf/env/csi/htr/all/tf/012-static-sites.vars.tfvars
cnf/env/csi/htr/all/tf/015-s3-buckets-remote-bucket.vars.tfvars
cnf/env/csi/htr/all/tf/015-s3-buckets.backend-config.tfvars
cnf/env/csi/htr/all/tf/015-s3-buckets.vars.tfvars
cnf/env/csi/htr/all/tf/020-rds.vars.tfvars
cnf/env/csi/htr/all/tf/030-eks.vars.tfvars
cnf/env/csi/htr/all/tf/033-jenkins-x.vars.tfvars
cnf/env/csi/htr/all/tf/035-cloudflare-facade.vars.tfvars
cnf/env/csi/htr/all/tf/040-jenkins.vars.tfvars
cnf/env/csi/htr/all/tf/050-wireguard.vars.tfvars
cnf/env/csi/htr/all/tf/051-splunk.vars.tfvars
cnf/env/csi/htr/all/tf/052-doc-cms.vars.tfvars
cnf/env/csi/htr/all/tf/053-doc-mon-cms.vars.tfvars
cnf/env/csi/htr/all/tf/055-monitor.vars.tfvars
cnf/env/csi/htr/all/tf/060-location-service.vars.tfvars
cnf/env/csi/htr/all/tf/061-location-service.vars.tfvars
cnf/env/csi/htr/all/tf/065-sns-topics.vars.tfvars
cnf/env/csi/htr/all/tf/070-coupling.vars.tfvars
cnf/env/csi/htr/dev.env.json
cnf/env/csi/htr/dev.env.yaml
cnf/env/csi/htr/dev/003-aws-scps/allow-scp-csi-htr-dev-idy.json
cnf/env/csi/htr/dev/003-aws-scps/allow-scp-csi-htr-dev-rcr.json
cnf/env/csi/htr/dev/003-aws-scps/deny-scp-csi-htr-dev-idy.json
cnf/env/csi/htr/dev/003-aws-scps/deny-scp-csi-htr-dev-rcr.json
cnf/env/csi/htr/dev/004-aws-iam/idy/cicd_backend_policy.json
cnf/env/csi/htr/dev/004-aws-iam/idy/cicd_ui_policy.json
cnf/env/csi/htr/dev/004-aws-iam/idy/infra_admins_policy.json
cnf/env/csi/htr/dev/004-aws-iam/rcr/audit_policy.json
cnf/env/csi/htr/dev/004-aws-iam/rcr/be_developer_policy.json
cnf/env/csi/htr/dev/004-aws-iam/rcr/cicd_backend_policy.json
cnf/env/csi/htr/dev/004-aws-iam/rcr/cicd_ui_policy.json
cnf/env/csi/htr/dev/004-aws-iam/rcr/data_science_policy.json
cnf/env/csi/htr/dev/004-aws-iam/rcr/developer_policy.json
cnf/env/csi/htr/dev/004-aws-iam/rcr/devops_policy.json
cnf/env/csi/htr/dev/004-aws-iam/rcr/fe_developer_policy.json
cnf/env/csi/htr/dev/004-aws-iam/rcr/infra_admins_policy.json
cnf/env/csi/htr/dev/015-s3-bucket/idy/test-bucket202210121927_assume_policy.json
cnf/env/csi/htr/dev/015-s3-bucket/idy/test-bucket202210121927_s3_access_policy.json
cnf/env/csi/htr/dev/015-s3-bucket/rcr/test-bucket202210121926_assume_policy.json
cnf/env/csi/htr/dev/015-s3-bucket/rcr/test-bucket202210121926_s3_access_policy.json
cnf/env/csi/htr/dev/030-eks/alb-worker-inline-policy.json
cnf/env/csi/htr/dev/050-wireguard/peers.json
cnf/env/csi/htr/dev/050-wireguard/peers.yaml
cnf/env/csi/htr/dev/report/config.md
cnf/env/csi/htr/dev/tf/002-aws-accounts-remote-bucket.vars.tfvars
cnf/env/csi/htr/dev/tf/002-aws-accounts.backend-config.tfvars
cnf/env/csi/htr/dev/tf/002-aws-accounts.vars.tfvars
cnf/env/csi/htr/dev/tf/003-aws-scps-remote-bucket.vars.tfvars
cnf/env/csi/htr/dev/tf/003-aws-scps.backend-config.tfvars
cnf/env/csi/htr/dev/tf/003-aws-scps.vars.tfvars
cnf/env/csi/htr/dev/tf/004-aws-iam-remote-bucket.vars.tfvars
cnf/env/csi/htr/dev/tf/004-aws-iam.backend-config.tfvars
cnf/env/csi/htr/dev/tf/004-aws-iam.vars.tfvars
cnf/env/csi/htr/dev/tf/005-sys-users.vars.tfvars
cnf/env/csi/htr/dev/tf/006-individual-users.vars.tfvars
cnf/env/csi/htr/dev/tf/007-dns-remote-bucket.vars.tfvars
cnf/env/csi/htr/dev/tf/007-dns.backend-config.tfvars
cnf/env/csi/htr/dev/tf/007-dns.vars.tfvars
cnf/env/csi/htr/dev/tf/008-ecr-remote-bucket.vars.tfvars
cnf/env/csi/htr/dev/tf/008-ecr.backend-config.tfvars
cnf/env/csi/htr/dev/tf/008-ecr.vars.tfvars
cnf/env/csi/htr/dev/tf/009-budgets-remote-bucket.vars.tfvars
cnf/env/csi/htr/dev/tf/009-budgets.backend-config.tfvars
cnf/env/csi/htr/dev/tf/009-budgets.vars.tfvars
cnf/env/csi/htr/dev/tf/010-static-sites-remote-bucket.vars.tfvars
cnf/env/csi/htr/dev/tf/010-static-sites.backend-config.tfvars
cnf/env/csi/htr/dev/tf/010-static-sites.vars.tfvars
cnf/env/csi/htr/dev/tf/011-static-sites-remote-bucket.vars.tfvars
cnf/env/csi/htr/dev/tf/011-static-sites.backend-config.tfvars
cnf/env/csi/htr/dev/tf/011-static-sites.vars.tfvars
cnf/env/csi/htr/dev/tf/012-static-sites.vars.tfvars
cnf/env/csi/htr/dev/tf/015-s3-buckets-remote-bucket.vars.tfvars
cnf/env/csi/htr/dev/tf/015-s3-buckets.backend-config.tfvars
cnf/env/csi/htr/dev/tf/015-s3-buckets.vars.tfvars
cnf/env/csi/htr/dev/tf/020-rds-remote-bucket.vars.tfvars
cnf/env/csi/htr/dev/tf/020-rds.backend-config.tfvars
cnf/env/csi/htr/dev/tf/020-rds.vars.tfvars
cnf/env/csi/htr/dev/tf/030-eks-remote-bucket.vars.tfvars
cnf/env/csi/htr/dev/tf/030-eks.backend-config.tfvars
cnf/env/csi/htr/dev/tf/030-eks.vars.tfvars
cnf/env/csi/htr/dev/tf/033-jenkins-x-remote-bucket.vars.tfvars
cnf/env/csi/htr/dev/tf/033-jenkins-x.backend-config.tfvars
cnf/env/csi/htr/dev/tf/033-jenkins-x.vars.tfvars
cnf/env/csi/htr/dev/tf/035-cloudflare-facade.vars.tfvars
cnf/env/csi/htr/dev/tf/040-jenkins.vars.tfvars
cnf/env/csi/htr/dev/tf/050-wireguard-remote-bucket.vars.tfvars
cnf/env/csi/htr/dev/tf/050-wireguard.backend-config.tfvars
cnf/env/csi/htr/dev/tf/050-wireguard.vars.tfvars
cnf/env/csi/htr/dev/tf/051-splunk-remote-bucket.vars.tfvars
cnf/env/csi/htr/dev/tf/051-splunk.backend-config.tfvars
cnf/env/csi/htr/dev/tf/051-splunk.vars.tfvars
cnf/env/csi/htr/dev/tf/052-doc-cms.vars.tfvars
cnf/env/csi/htr/dev/tf/053-doc-mon-cms.vars.tfvars
cnf/env/csi/htr/dev/tf/055-monitor.vars.tfvars
cnf/env/csi/htr/dev/tf/060-location-service-remote-bucket.vars.tfvars
cnf/env/csi/htr/dev/tf/060-location-service.backend-config.tfvars
cnf/env/csi/htr/dev/tf/060-location-service.vars.tfvars
cnf/env/csi/htr/dev/tf/061-location-service.vars.tfvars
cnf/env/csi/htr/dev/tf/065-sns-topics-remote-bucket.vars.tfvars
cnf/env/csi/htr/dev/tf/065-sns-topics.backend-config.tfvars
cnf/env/csi/htr/dev/tf/065-sns-topics.vars.tfvars
cnf/env/csi/htr/dev/tf/070-coupling-remote-bucket.vars.tfvars
cnf/env/csi/htr/dev/tf/070-coupling.backend-config.tfvars
cnf/env/csi/htr/dev/tf/070-coupling.vars.tfvars
cnf/env/csi/htr/prd.env.json
cnf/env/csi/htr/prd.env.yaml
cnf/env/csi/htr/prd/003-aws-scps/allow-scp-csi-htr-prd-idy.json
cnf/env/csi/htr/prd/003-aws-scps/allow-scp-csi-htr-prd-rcr.json
cnf/env/csi/htr/prd/003-aws-scps/deny-scp-csi-htr-prd-idy.json
cnf/env/csi/htr/prd/003-aws-scps/deny-scp-csi-htr-prd-rcr.json
cnf/env/csi/htr/prd/004-aws-iam/idy/cicd_backend_policy.json
cnf/env/csi/htr/prd/004-aws-iam/idy/cicd_ui_policy.json
cnf/env/csi/htr/prd/004-aws-iam/idy/infra_admins_policy.json
cnf/env/csi/htr/prd/004-aws-iam/rcr/audit_policy.json
cnf/env/csi/htr/prd/004-aws-iam/rcr/be_developer_policy.json
cnf/env/csi/htr/prd/004-aws-iam/rcr/cicd_backend_policy.json
cnf/env/csi/htr/prd/004-aws-iam/rcr/cicd_ui_policy.json
cnf/env/csi/htr/prd/004-aws-iam/rcr/data_science_policy.json
cnf/env/csi/htr/prd/004-aws-iam/rcr/developer_policy.json
cnf/env/csi/htr/prd/004-aws-iam/rcr/devops_policy.json
cnf/env/csi/htr/prd/004-aws-iam/rcr/fe_developer_policy.json
cnf/env/csi/htr/prd/004-aws-iam/rcr/infra_admins_policy.json
cnf/env/csi/htr/prd/015-s3-bucket/idy/test-bucket202210121927_assume_policy.json
cnf/env/csi/htr/prd/015-s3-bucket/idy/test-bucket202210121927_s3_access_policy.json
cnf/env/csi/htr/prd/015-s3-bucket/rcr/test-bucket202210121926_assume_policy.json
cnf/env/csi/htr/prd/015-s3-bucket/rcr/test-bucket202210121926_s3_access_policy.json
cnf/env/csi/htr/prd/030-eks/alb-worker-inline-policy.json
cnf/env/csi/htr/prd/050-wireguard/peers.json
cnf/env/csi/htr/prd/050-wireguard/peers.yaml
cnf/env/csi/htr/prd/report/config.md
cnf/env/csi/htr/prd/tf/002-aws-accounts-remote-bucket.vars.tfvars
cnf/env/csi/htr/prd/tf/002-aws-accounts.backend-config.tfvars
cnf/env/csi/htr/prd/tf/002-aws-accounts.vars.tfvars
cnf/env/csi/htr/prd/tf/003-aws-scps-remote-bucket.vars.tfvars
cnf/env/csi/htr/prd/tf/003-aws-scps.backend-config.tfvars
cnf/env/csi/htr/prd/tf/003-aws-scps.vars.tfvars
cnf/env/csi/htr/prd/tf/004-aws-iam-remote-bucket.vars.tfvars
cnf/env/csi/htr/prd/tf/004-aws-iam.backend-config.tfvars
cnf/env/csi/htr/prd/tf/004-aws-iam.vars.tfvars
cnf/env/csi/htr/prd/tf/005-sys-users.vars.tfvars
cnf/env/csi/htr/prd/tf/006-individual-users.vars.tfvars
cnf/env/csi/htr/prd/tf/007-dns-remote-bucket.vars.tfvars
cnf/env/csi/htr/prd/tf/007-dns.backend-config.tfvars
cnf/env/csi/htr/prd/tf/007-dns.vars.tfvars
cnf/env/csi/htr/prd/tf/008-ecr.vars.tfvars
cnf/env/csi/htr/prd/tf/009-budgets.vars.tfvars
cnf/env/csi/htr/prd/tf/010-static-sites-remote-bucket.vars.tfvars
cnf/env/csi/htr/prd/tf/010-static-sites.backend-config.tfvars
cnf/env/csi/htr/prd/tf/010-static-sites.vars.tfvars
cnf/env/csi/htr/prd/tf/011-static-sites-remote-bucket.vars.tfvars
cnf/env/csi/htr/prd/tf/011-static-sites.backend-config.tfvars
cnf/env/csi/htr/prd/tf/011-static-sites.vars.tfvars
cnf/env/csi/htr/prd/tf/012-static-sites.vars.tfvars
cnf/env/csi/htr/prd/tf/015-s3-buckets-remote-bucket.vars.tfvars
cnf/env/csi/htr/prd/tf/015-s3-buckets.backend-config.tfvars
cnf/env/csi/htr/prd/tf/015-s3-buckets.vars.tfvars
cnf/env/csi/htr/prd/tf/020-rds.vars.tfvars
cnf/env/csi/htr/prd/tf/030-eks.vars.tfvars
cnf/env/csi/htr/prd/tf/033-jenkins-x.vars.tfvars
cnf/env/csi/htr/prd/tf/035-cloudflare-facade.vars.tfvars
cnf/env/csi/htr/prd/tf/040-jenkins.vars.tfvars
cnf/env/csi/htr/prd/tf/050-wireguard.vars.tfvars
cnf/env/csi/htr/prd/tf/051-splunk.vars.tfvars
cnf/env/csi/htr/prd/tf/052-doc-cms.vars.tfvars
cnf/env/csi/htr/prd/tf/053-doc-mon-cms.vars.tfvars
cnf/env/csi/htr/prd/tf/055-monitor.vars.tfvars
cnf/env/csi/htr/prd/tf/060-location-service.vars.tfvars
cnf/env/csi/htr/prd/tf/061-location-service.vars.tfvars
cnf/env/csi/htr/prd/tf/065-sns-topics-remote-bucket.vars.tfvars
cnf/env/csi/htr/prd/tf/065-sns-topics.backend-config.tfvars
cnf/env/csi/htr/prd/tf/065-sns-topics.vars.tfvars
cnf/env/csi/htr/prd/tf/070-coupling.vars.tfvars
cnf/env/csi/htr/tst.env.json
cnf/env/csi/htr/tst.env.yaml
cnf/env/csi/htr/tst/003-aws-scps/allow-scp-csi-htr-tst-idy.json
cnf/env/csi/htr/tst/003-aws-scps/allow-scp-csi-htr-tst-rcr.json
cnf/env/csi/htr/tst/003-aws-scps/deny-scp-csi-htr-tst-idy.json
cnf/env/csi/htr/tst/003-aws-scps/deny-scp-csi-htr-tst-rcr.json
cnf/env/csi/htr/tst/004-aws-iam/idy/cicd_backend_policy.json
cnf/env/csi/htr/tst/004-aws-iam/idy/cicd_ui_policy.json
cnf/env/csi/htr/tst/004-aws-iam/idy/infra_admins_policy.json
cnf/env/csi/htr/tst/004-aws-iam/rcr/audit_policy.json
cnf/env/csi/htr/tst/004-aws-iam/rcr/be_developer_policy.json
cnf/env/csi/htr/tst/004-aws-iam/rcr/cicd_backend_policy.json
cnf/env/csi/htr/tst/004-aws-iam/rcr/cicd_ui_policy.json
cnf/env/csi/htr/tst/004-aws-iam/rcr/data_science_policy.json
cnf/env/csi/htr/tst/004-aws-iam/rcr/developer_policy.json
cnf/env/csi/htr/tst/004-aws-iam/rcr/devops_policy.json
cnf/env/csi/htr/tst/004-aws-iam/rcr/fe_developer_policy.json
cnf/env/csi/htr/tst/004-aws-iam/rcr/infra_admins_policy.json
cnf/env/csi/htr/tst/015-s3-bucket/idy/test-bucket202210121927_assume_policy.json
cnf/env/csi/htr/tst/015-s3-bucket/idy/test-bucket202210121927_s3_access_policy.json
cnf/env/csi/htr/tst/015-s3-bucket/rcr/test-bucket202210121926_assume_policy.json
cnf/env/csi/htr/tst/015-s3-bucket/rcr/test-bucket202210121926_s3_access_policy.json
cnf/env/csi/htr/tst/030-eks/alb-worker-inline-policy.json
cnf/env/csi/htr/tst/050-wireguard/peers.json
cnf/env/csi/htr/tst/050-wireguard/peers.yaml
cnf/env/csi/htr/tst/report/config.md
cnf/env/csi/htr/tst/tf/002-aws-accounts-remote-bucket.vars.tfvars
cnf/env/csi/htr/tst/tf/002-aws-accounts.backend-config.tfvars
cnf/env/csi/htr/tst/tf/002-aws-accounts.vars.tfvars
cnf/env/csi/htr/tst/tf/003-aws-scps-remote-bucket.vars.tfvars
cnf/env/csi/htr/tst/tf/003-aws-scps.backend-config.tfvars
cnf/env/csi/htr/tst/tf/003-aws-scps.vars.tfvars
cnf/env/csi/htr/tst/tf/004-aws-iam-remote-bucket.vars.tfvars
cnf/env/csi/htr/tst/tf/004-aws-iam.backend-config.tfvars
cnf/env/csi/htr/tst/tf/004-aws-iam.vars.tfvars
cnf/env/csi/htr/tst/tf/005-sys-users.vars.tfvars
cnf/env/csi/htr/tst/tf/006-individual-users.vars.tfvars
cnf/env/csi/htr/tst/tf/007-dns-remote-bucket.vars.tfvars
cnf/env/csi/htr/tst/tf/007-dns.backend-config.tfvars
cnf/env/csi/htr/tst/tf/007-dns.vars.tfvars
cnf/env/csi/htr/tst/tf/008-ecr-remote-bucket.vars.tfvars
cnf/env/csi/htr/tst/tf/008-ecr.backend-config.tfvars
cnf/env/csi/htr/tst/tf/008-ecr.vars.tfvars
cnf/env/csi/htr/tst/tf/009-budgets.vars.tfvars
cnf/env/csi/htr/tst/tf/010-static-sites-remote-bucket.vars.tfvars
cnf/env/csi/htr/tst/tf/010-static-sites.backend-config.tfvars
cnf/env/csi/htr/tst/tf/010-static-sites.vars.tfvars
cnf/env/csi/htr/tst/tf/011-static-sites-remote-bucket.vars.tfvars
cnf/env/csi/htr/tst/tf/011-static-sites.backend-config.tfvars
cnf/env/csi/htr/tst/tf/011-static-sites.vars.tfvars
cnf/env/csi/htr/tst/tf/012-static-sites.vars.tfvars
cnf/env/csi/htr/tst/tf/015-s3-buckets-remote-bucket.vars.tfvars
cnf/env/csi/htr/tst/tf/015-s3-buckets.backend-config.tfvars
cnf/env/csi/htr/tst/tf/015-s3-buckets.vars.tfvars
cnf/env/csi/htr/tst/tf/020-rds.vars.tfvars
cnf/env/csi/htr/tst/tf/030-eks.vars.tfvars
cnf/env/csi/htr/tst/tf/033-jenkins-x.vars.tfvars
cnf/env/csi/htr/tst/tf/035-cloudflare-facade.vars.tfvars
cnf/env/csi/htr/tst/tf/040-jenkins.vars.tfvars
cnf/env/csi/htr/tst/tf/050-wireguard.vars.tfvars
cnf/env/csi/htr/tst/tf/051-splunk.vars.tfvars
cnf/env/csi/htr/tst/tf/052-doc-cms.vars.tfvars
cnf/env/csi/htr/tst/tf/053-doc-mon-cms.vars.tfvars
cnf/env/csi/htr/tst/tf/055-monitor.vars.tfvars
cnf/env/csi/htr/tst/tf/060-location-service.vars.tfvars
cnf/env/csi/htr/tst/tf/061-location-service.vars.tfvars
cnf/env/csi/htr/tst/tf/065-sns-topics-remote-bucket.vars.tfvars
cnf/env/csi/htr/tst/tf/065-sns-topics.backend-config.tfvars
cnf/env/csi/htr/tst/tf/065-sns-topics.vars.tfvars
cnf/env/csi/htr/tst/tf/070-coupling.vars.tfvars
cnf/env/csi/lib/bash/funcs/arch-install-bins.func.sh
cnf/env/csi/lib/bash/funcs/export-json-section-vars.func.sh
cnf/env/csi/lib/bash/funcs/flush-screen.func.sh
cnf/env/csi/lib/bash/funcs/mac-install-bins.func.sh
cnf/env/csi/lib/bash/funcs/manjaro-install-bins.func.sh
cnf/env/csi/lib/bash/funcs/morph-dir.func.sh
cnf/env/csi/lib/bash/funcs/parse-ini-section-vars.func.sh
cnf/env/csi/lib/bash/funcs/require-var.func.sh
cnf/env/csi/lib/bash/funcs/set-vars-on-alpine.func.sh
cnf/env/csi/lib/bash/funcs/set-vars-on-mac.func.sh
cnf/env/csi/lib/bash/funcs/set-vars-on-manjaro.func.sh
cnf/env/csi/lib/bash/funcs/set-vars-on-suse.func.sh
cnf/env/csi/lib/bash/funcs/set-vars-on-ubuntu.func.sh
cnf/env/csi/lib/bash/funcs/suse-install-bins.func.sh
cnf/env/csi/lib/bash/funcs/test-helpers.sh
cnf/env/csi/lib/bash/funcs/ubuntu-install-bins.func.sh
cnf/env/csi/lib/bash/funcs/zip-me.func.sh
cnf/env/csi/lib/make/demand-var.func.mk
cnf/env/csi/lib/make/install-tpl-gen-img.func.mk
cnf/env/csi/lib/make/make-help.func.mk
cnf/env/csi/lib/make/new-issue.func.mk
cnf/env/csi/lib/make/prune-docker-system.func.mk
cnf/env/csi/lib/make/zip-me.func.mk
cnf/env/csi/lib/tpl/docker-task.mk
cnf/env/csi/mps/all.env.json
cnf/env/csi/mps/dev.env.json
cnf/env/csi/mps/lde.env.json
cnf/env/csi/mps/prd.env.json
cnf/env/csi/mps/stg.env.json
cnf/env/csi/mps/tst.env.json
cnf/env/csi/sms/all.env.json
cnf/env/csi/sms/all.env.yaml
cnf/env/csi/sms/all/003-aws-scps/allow-scp-csi-sms-all-idy.json
cnf/env/csi/sms/all/003-aws-scps/allow-scp-csi-sms-all-rcr.json
cnf/env/csi/sms/all/003-aws-scps/deny-scp-csi-sms-all-idy.json
cnf/env/csi/sms/all/003-aws-scps/deny-scp-csi-sms-all-rcr.json
cnf/env/csi/sms/all/006-individual-users/users.json
cnf/env/csi/sms/all/006-individual-users/users.yaml
cnf/env/csi/sms/all/report/config.md
cnf/env/csi/sms/all/tf/002-aws-accounts-remote-bucket.vars.tfvars
cnf/env/csi/sms/all/tf/002-aws-accounts.backend-config.tfvars
cnf/env/csi/sms/all/tf/002-aws-accounts.vars.tfvars
cnf/env/csi/sms/all/tf/003-aws-scps-remote-bucket.vars.tfvars
cnf/env/csi/sms/all/tf/003-aws-scps.backend-config.tfvars
cnf/env/csi/sms/all/tf/003-aws-scps.vars.tfvars
cnf/env/csi/sms/all/tf/004-aws-iam.vars.tfvars
cnf/env/csi/sms/all/tf/005-sys-users.vars.tfvars
cnf/env/csi/sms/all/tf/006-individual-users-remote-bucket.vars.tfvars
cnf/env/csi/sms/all/tf/006-individual-users.backend-config.tfvars
cnf/env/csi/sms/all/tf/006-individual-users.vars.tfvars
cnf/env/csi/sms/all/tf/007-dns.vars.tfvars
cnf/env/csi/sms/all/tf/008-ecr-remote-bucket.vars.tfvars
cnf/env/csi/sms/all/tf/008-ecr.backend-config.tfvars
cnf/env/csi/sms/all/tf/008-ecr.vars.tfvars
cnf/env/csi/sms/all/tf/009-budgets.vars.tfvars
cnf/env/csi/sms/all/tf/010-static-sites.vars.tfvars
cnf/env/csi/sms/all/tf/011-static-sites.vars.tfvars
cnf/env/csi/sms/all/tf/012-static-sites.vars.tfvars
cnf/env/csi/sms/all/tf/013-sbss-infra-mon.vars.tfvars
cnf/env/csi/sms/all/tf/013-static-sites.vars.tfvars
cnf/env/csi/sms/all/tf/014-static-sites.vars.tfvars
cnf/env/csi/sms/all/tf/015-s3-buckets-remote-bucket.vars.tfvars
cnf/env/csi/sms/all/tf/015-s3-buckets.backend-config.tfvars
cnf/env/csi/sms/all/tf/015-s3-buckets.vars.tfvars
cnf/env/csi/sms/all/tf/020-rds.vars.tfvars
cnf/env/csi/sms/all/tf/021-rds-credentials-remote-bucket.vars.tfvars
cnf/env/csi/sms/all/tf/021-rds-credentials.backend-config.tfvars
cnf/env/csi/sms/all/tf/021-rds-credentials.vars.tfvars
cnf/env/csi/sms/all/tf/030-eks.vars.tfvars
cnf/env/csi/sms/all/tf/033-jenkins-x.vars.tfvars
cnf/env/csi/sms/all/tf/035-cloudflare-facade.vars.tfvars
cnf/env/csi/sms/all/tf/040-jenkins.vars.tfvars
cnf/env/csi/sms/all/tf/050-wireguard-remote-bucket.vars.tfvars
cnf/env/csi/sms/all/tf/050-wireguard.backend-config.tfvars
cnf/env/csi/sms/all/tf/050-wireguard.vars.tfvars
cnf/env/csi/sms/all/tf/051-splunk.vars.tfvars
cnf/env/csi/sms/all/tf/052-doc-cms-remote-bucket.vars.tfvars
cnf/env/csi/sms/all/tf/052-doc-cms.backend-config.tfvars
cnf/env/csi/sms/all/tf/052-doc-cms.vars.tfvars
cnf/env/csi/sms/all/tf/053-doc-mon-cms.vars.tfvars
cnf/env/csi/sms/all/tf/053-infra-monitor.vars.tfvars
cnf/env/csi/sms/all/tf/055-monitor.vars.tfvars
cnf/env/csi/sms/all/tf/060-location-service.vars.tfvars
cnf/env/csi/sms/all/tf/061-location-service.vars.tfvars
cnf/env/csi/sms/all/tf/065-sns-topics-remote-bucket.vars.tfvars
cnf/env/csi/sms/all/tf/065-sns-topics.backend-config.tfvars
cnf/env/csi/sms/all/tf/065-sns-topics.vars.tfvars
cnf/env/csi/sms/all/tf/070-coupling.vars.tfvars
cnf/env/csi/sms/all/tf/071-cnf-creds-remote-bucket.vars.tfvars
cnf/env/csi/sms/all/tf/071-cnf-creds.backend-config.tfvars
cnf/env/csi/sms/all/tf/071-cnf-creds.vars.tfvars
cnf/env/csi/sms/dev.env.json
cnf/env/csi/sms/dev.env.yaml
cnf/env/csi/sms/dev/003-aws-scps/allow-scp-csi-sms-dev-idy.json
cnf/env/csi/sms/dev/003-aws-scps/allow-scp-csi-sms-dev-rcr.json
cnf/env/csi/sms/dev/003-aws-scps/deny-scp-csi-sms-dev-idy.json
cnf/env/csi/sms/dev/003-aws-scps/deny-scp-csi-sms-dev-rcr.json
cnf/env/csi/sms/dev/004-aws-iam/idy/cicd_backend_policy.json
cnf/env/csi/sms/dev/004-aws-iam/idy/cicd_ui_policy.json
cnf/env/csi/sms/dev/004-aws-iam/idy/infra_admins_policy.json
cnf/env/csi/sms/dev/004-aws-iam/rcr/audit_policy.json
cnf/env/csi/sms/dev/004-aws-iam/rcr/be_developer_policy.json
cnf/env/csi/sms/dev/004-aws-iam/rcr/cicd_backend_policy.json
cnf/env/csi/sms/dev/004-aws-iam/rcr/cicd_ui_policy.json
cnf/env/csi/sms/dev/004-aws-iam/rcr/data_science_policy.json
cnf/env/csi/sms/dev/004-aws-iam/rcr/developer_policy.json
cnf/env/csi/sms/dev/004-aws-iam/rcr/devops_policy.json
cnf/env/csi/sms/dev/004-aws-iam/rcr/fe_developer_policy.json
cnf/env/csi/sms/dev/004-aws-iam/rcr/infra_admins_policy.json
cnf/env/csi/sms/dev/015-s3-bucket/idy/test-bucket202210121927_assume_policy.json
cnf/env/csi/sms/dev/015-s3-bucket/idy/test-bucket202210121927_s3_access_policy.json
cnf/env/csi/sms/dev/015-s3-bucket/rcr/test-bucket202210121926_assume_policy.json
cnf/env/csi/sms/dev/015-s3-bucket/rcr/test-bucket202210121926_s3_access_policy.json
cnf/env/csi/sms/dev/030-eks/alb-worker-inline-policy.json
cnf/env/csi/sms/dev/050-wireguard/peers.json
cnf/env/csi/sms/dev/050-wireguard/peers.yaml
cnf/env/csi/sms/dev/etc/nginx/conf.d/doc-store.csi.sms.dev.flok.fi.conf
cnf/env/csi/sms/dev/report/config.md
cnf/env/csi/sms/dev/sec/creds.json
cnf/env/csi/sms/dev/sec/creds.yaml
cnf/env/csi/sms/dev/tf/002-aws-accounts-remote-bucket.vars.tfvars
cnf/env/csi/sms/dev/tf/002-aws-accounts.backend-config.tfvars
cnf/env/csi/sms/dev/tf/002-aws-accounts.vars.tfvars
cnf/env/csi/sms/dev/tf/003-aws-scps-remote-bucket.vars.tfvars
cnf/env/csi/sms/dev/tf/003-aws-scps.backend-config.tfvars
cnf/env/csi/sms/dev/tf/003-aws-scps.vars.tfvars
cnf/env/csi/sms/dev/tf/004-aws-iam-remote-bucket.vars.tfvars
cnf/env/csi/sms/dev/tf/004-aws-iam.backend-config.tfvars
cnf/env/csi/sms/dev/tf/004-aws-iam.vars.tfvars
cnf/env/csi/sms/dev/tf/005-sys-users.vars.tfvars
cnf/env/csi/sms/dev/tf/006-individual-users.vars.tfvars
cnf/env/csi/sms/dev/tf/007-dns-remote-bucket.vars.tfvars
cnf/env/csi/sms/dev/tf/007-dns.backend-config.tfvars
cnf/env/csi/sms/dev/tf/007-dns.vars.tfvars
cnf/env/csi/sms/dev/tf/008-ecr-remote-bucket.vars.tfvars
cnf/env/csi/sms/dev/tf/008-ecr.backend-config.tfvars
cnf/env/csi/sms/dev/tf/008-ecr.vars.tfvars
cnf/env/csi/sms/dev/tf/009-budgets.vars.tfvars
cnf/env/csi/sms/dev/tf/010-static-sites-remote-bucket.vars.tfvars
cnf/env/csi/sms/dev/tf/010-static-sites.backend-config.tfvars
cnf/env/csi/sms/dev/tf/010-static-sites.vars.tfvars
cnf/env/csi/sms/dev/tf/011-static-sites.vars.tfvars
cnf/env/csi/sms/dev/tf/012-static-sites.vars.tfvars
cnf/env/csi/sms/dev/tf/013-sbss-infra-mon-remote-bucket.vars.tfvars
cnf/env/csi/sms/dev/tf/013-sbss-infra-mon.backend-config.tfvars
cnf/env/csi/sms/dev/tf/013-sbss-infra-mon.vars.tfvars
cnf/env/csi/sms/dev/tf/013-static-sites-remote-bucket.vars.tfvars
cnf/env/csi/sms/dev/tf/013-static-sites.backend-config.tfvars
cnf/env/csi/sms/dev/tf/013-static-sites.vars.tfvars
cnf/env/csi/sms/dev/tf/014-static-sites-remote-bucket.vars.tfvars
cnf/env/csi/sms/dev/tf/014-static-sites.backend-config.tfvars
cnf/env/csi/sms/dev/tf/014-static-sites.vars.tfvars
cnf/env/csi/sms/dev/tf/015-s3-buckets-remote-bucket.vars.tfvars
cnf/env/csi/sms/dev/tf/015-s3-buckets.backend-config.tfvars
cnf/env/csi/sms/dev/tf/015-s3-buckets.vars.tfvars
cnf/env/csi/sms/dev/tf/020-rds.vars.tfvars
cnf/env/csi/sms/dev/tf/021-rds-credentials-remote-bucket.vars.tfvars
cnf/env/csi/sms/dev/tf/021-rds-credentials.backend-config.tfvars
cnf/env/csi/sms/dev/tf/021-rds-credentials.vars.tfvars
cnf/env/csi/sms/dev/tf/030-eks.vars.tfvars
cnf/env/csi/sms/dev/tf/033-jenkins-x.vars.tfvars
cnf/env/csi/sms/dev/tf/035-cloudflare-facade.vars.tfvars
cnf/env/csi/sms/dev/tf/040-jenkins.vars.tfvars
cnf/env/csi/sms/dev/tf/050-wireguard-remote-bucket.vars.tfvars
cnf/env/csi/sms/dev/tf/050-wireguard.backend-config.tfvars
cnf/env/csi/sms/dev/tf/050-wireguard.vars.tfvars
cnf/env/csi/sms/dev/tf/051-splunk-remote-bucket.vars.tfvars
cnf/env/csi/sms/dev/tf/051-splunk.backend-config.tfvars
cnf/env/csi/sms/dev/tf/051-splunk.vars.tfvars
cnf/env/csi/sms/dev/tf/052-doc-cms-remote-bucket.vars.tfvars
cnf/env/csi/sms/dev/tf/052-doc-cms.backend-config.tfvars
cnf/env/csi/sms/dev/tf/052-doc-cms.vars.tfvars
cnf/env/csi/sms/dev/tf/053-infra-monitor-remote-bucket.vars.tfvars
cnf/env/csi/sms/dev/tf/053-infra-monitor.backend-config.tfvars
cnf/env/csi/sms/dev/tf/053-infra-monitor.vars.tfvars
cnf/env/csi/sms/dev/tf/055-monitor.vars.tfvars
cnf/env/csi/sms/dev/tf/060-location-service.vars.tfvars
cnf/env/csi/sms/dev/tf/061-location-service.vars.tfvars
cnf/env/csi/sms/dev/tf/065-sns-topics-remote-bucket.vars.tfvars
cnf/env/csi/sms/dev/tf/065-sns-topics.backend-config.tfvars
cnf/env/csi/sms/dev/tf/065-sns-topics.vars.tfvars
cnf/env/csi/sms/dev/tf/070-coupling.vars.tfvars
cnf/env/csi/sms/dev/tf/071-cnf-creds-remote-bucket.vars.tfvars
cnf/env/csi/sms/dev/tf/071-cnf-creds.backend-config.tfvars
cnf/env/csi/sms/dev/tf/071-cnf-creds.vars.tfvars
cnf/env/csi/sms/prd.env.json
cnf/env/csi/sms/prd.env.yaml
cnf/env/csi/sms/prd/003-aws-scps/allow-scp-csi-sms-prd-idy.json
cnf/env/csi/sms/prd/003-aws-scps/allow-scp-csi-sms-prd-rcr.json
cnf/env/csi/sms/prd/003-aws-scps/deny-scp-csi-sms-prd-idy.json
cnf/env/csi/sms/prd/003-aws-scps/deny-scp-csi-sms-prd-rcr.json
cnf/env/csi/sms/prd/004-aws-iam/idy/cicd_backend_policy.json
cnf/env/csi/sms/prd/004-aws-iam/idy/cicd_ui_policy.json
cnf/env/csi/sms/prd/004-aws-iam/idy/infra_admins_policy.json
cnf/env/csi/sms/prd/004-aws-iam/rcr/audit_policy.json
cnf/env/csi/sms/prd/004-aws-iam/rcr/be_developer_policy.json
cnf/env/csi/sms/prd/004-aws-iam/rcr/cicd_backend_policy.json
cnf/env/csi/sms/prd/004-aws-iam/rcr/cicd_ui_policy.json
cnf/env/csi/sms/prd/004-aws-iam/rcr/data_science_policy.json
cnf/env/csi/sms/prd/004-aws-iam/rcr/developer_policy.json
cnf/env/csi/sms/prd/004-aws-iam/rcr/devops_policy.json
cnf/env/csi/sms/prd/004-aws-iam/rcr/fe_developer_policy.json
cnf/env/csi/sms/prd/004-aws-iam/rcr/infra_admins_policy.json
cnf/env/csi/sms/prd/015-s3-bucket/idy/test-bucket202210121927_assume_policy.json
cnf/env/csi/sms/prd/015-s3-bucket/idy/test-bucket202210121927_s3_access_policy.json
cnf/env/csi/sms/prd/015-s3-bucket/rcr/test-bucket202210121926_assume_policy.json
cnf/env/csi/sms/prd/015-s3-bucket/rcr/test-bucket202210121926_s3_access_policy.json
cnf/env/csi/sms/prd/030-eks/alb-worker-inline-policy.json
cnf/env/csi/sms/prd/050-wireguard/peers.json
cnf/env/csi/sms/prd/050-wireguard/peers.yaml
cnf/env/csi/sms/prd/etc/nginx/conf.d/doc-store.csi.sms.prd.flok.fi.conf
cnf/env/csi/sms/prd/report/config.md
cnf/env/csi/sms/prd/tf/002-aws-accounts-remote-bucket.vars.tfvars
cnf/env/csi/sms/prd/tf/002-aws-accounts.backend-config.tfvars
cnf/env/csi/sms/prd/tf/002-aws-accounts.vars.tfvars
cnf/env/csi/sms/prd/tf/003-aws-scps-remote-bucket.vars.tfvars
cnf/env/csi/sms/prd/tf/003-aws-scps.backend-config.tfvars
cnf/env/csi/sms/prd/tf/003-aws-scps.vars.tfvars
cnf/env/csi/sms/prd/tf/004-aws-iam-remote-bucket.vars.tfvars
cnf/env/csi/sms/prd/tf/004-aws-iam.backend-config.tfvars
cnf/env/csi/sms/prd/tf/004-aws-iam.vars.tfvars
cnf/env/csi/sms/prd/tf/005-sys-users.vars.tfvars
cnf/env/csi/sms/prd/tf/006-individual-users.vars.tfvars
cnf/env/csi/sms/prd/tf/007-dns-remote-bucket.vars.tfvars
cnf/env/csi/sms/prd/tf/007-dns.backend-config.tfvars
cnf/env/csi/sms/prd/tf/007-dns.vars.tfvars
cnf/env/csi/sms/prd/tf/008-ecr-remote-bucket.vars.tfvars
cnf/env/csi/sms/prd/tf/008-ecr.backend-config.tfvars
cnf/env/csi/sms/prd/tf/008-ecr.vars.tfvars
cnf/env/csi/sms/prd/tf/009-budgets.vars.tfvars
cnf/env/csi/sms/prd/tf/010-static-sites-remote-bucket.vars.tfvars
cnf/env/csi/sms/prd/tf/010-static-sites.backend-config.tfvars
cnf/env/csi/sms/prd/tf/010-static-sites.vars.tfvars
cnf/env/csi/sms/prd/tf/011-static-sites.vars.tfvars
cnf/env/csi/sms/prd/tf/012-static-sites.vars.tfvars
cnf/env/csi/sms/prd/tf/013-sbss-infra-mon-remote-bucket.vars.tfvars
cnf/env/csi/sms/prd/tf/013-sbss-infra-mon.backend-config.tfvars
cnf/env/csi/sms/prd/tf/013-sbss-infra-mon.vars.tfvars
cnf/env/csi/sms/prd/tf/013-static-sites-remote-bucket.vars.tfvars
cnf/env/csi/sms/prd/tf/013-static-sites.backend-config.tfvars
cnf/env/csi/sms/prd/tf/013-static-sites.vars.tfvars
cnf/env/csi/sms/prd/tf/014-static-sites-remote-bucket.vars.tfvars
cnf/env/csi/sms/prd/tf/014-static-sites.backend-config.tfvars
cnf/env/csi/sms/prd/tf/014-static-sites.vars.tfvars
cnf/env/csi/sms/prd/tf/015-s3-buckets-remote-bucket.vars.tfvars
cnf/env/csi/sms/prd/tf/015-s3-buckets.backend-config.tfvars
cnf/env/csi/sms/prd/tf/015-s3-buckets.vars.tfvars
cnf/env/csi/sms/prd/tf/020-rds.vars.tfvars
cnf/env/csi/sms/prd/tf/021-rds-credentials-remote-bucket.vars.tfvars
cnf/env/csi/sms/prd/tf/021-rds-credentials.backend-config.tfvars
cnf/env/csi/sms/prd/tf/021-rds-credentials.vars.tfvars
cnf/env/csi/sms/prd/tf/030-eks.vars.tfvars
cnf/env/csi/sms/prd/tf/033-jenkins-x.vars.tfvars
cnf/env/csi/sms/prd/tf/035-cloudflare-facade.vars.tfvars
cnf/env/csi/sms/prd/tf/040-jenkins.vars.tfvars
cnf/env/csi/sms/prd/tf/050-wireguard-remote-bucket.vars.tfvars
cnf/env/csi/sms/prd/tf/050-wireguard.backend-config.tfvars
cnf/env/csi/sms/prd/tf/050-wireguard.vars.tfvars
cnf/env/csi/sms/prd/tf/051-splunk.vars.tfvars
cnf/env/csi/sms/prd/tf/052-doc-cms-remote-bucket.vars.tfvars
cnf/env/csi/sms/prd/tf/052-doc-cms.backend-config.tfvars
cnf/env/csi/sms/prd/tf/052-doc-cms.vars.tfvars
cnf/env/csi/sms/prd/tf/053-doc-mon-cms.vars.tfvars
cnf/env/csi/sms/prd/tf/053-infra-monitor-remote-bucket.vars.tfvars
cnf/env/csi/sms/prd/tf/053-infra-monitor.backend-config.tfvars
cnf/env/csi/sms/prd/tf/053-infra-monitor.vars.tfvars
cnf/env/csi/sms/prd/tf/055-monitor.vars.tfvars
cnf/env/csi/sms/prd/tf/060-location-service.vars.tfvars
cnf/env/csi/sms/prd/tf/061-location-service.vars.tfvars
cnf/env/csi/sms/prd/tf/065-sns-topics-remote-bucket.vars.tfvars
cnf/env/csi/sms/prd/tf/065-sns-topics.backend-config.tfvars
cnf/env/csi/sms/prd/tf/065-sns-topics.vars.tfvars
cnf/env/csi/sms/prd/tf/070-coupling.vars.tfvars
cnf/env/csi/sms/prd/tf/071-cnf-creds-remote-bucket.vars.tfvars
cnf/env/csi/sms/prd/tf/071-cnf-creds.backend-config.tfvars
cnf/env/csi/sms/prd/tf/071-cnf-creds.vars.tfvars
cnf/env/csi/sms/tst.env.json
cnf/env/csi/sms/tst.env.yaml
cnf/env/csi/sms/tst/003-aws-scps/allow-scp-csi-sms-tst-idy.json
cnf/env/csi/sms/tst/003-aws-scps/allow-scp-csi-sms-tst-rcr.json
cnf/env/csi/sms/tst/003-aws-scps/deny-scp-csi-sms-tst-idy.json
cnf/env/csi/sms/tst/003-aws-scps/deny-scp-csi-sms-tst-rcr.json
cnf/env/csi/sms/tst/004-aws-iam/idy/cicd_backend_policy.json
cnf/env/csi/sms/tst/004-aws-iam/idy/cicd_ui_policy.json
cnf/env/csi/sms/tst/004-aws-iam/idy/infra_admins_policy.json
cnf/env/csi/sms/tst/004-aws-iam/rcr/audit_policy.json
cnf/env/csi/sms/tst/004-aws-iam/rcr/be_developer_policy.json
cnf/env/csi/sms/tst/004-aws-iam/rcr/cicd_backend_policy.json
cnf/env/csi/sms/tst/004-aws-iam/rcr/cicd_ui_policy.json
cnf/env/csi/sms/tst/004-aws-iam/rcr/data_science_policy.json
cnf/env/csi/sms/tst/004-aws-iam/rcr/developer_policy.json
cnf/env/csi/sms/tst/004-aws-iam/rcr/devops_policy.json
cnf/env/csi/sms/tst/004-aws-iam/rcr/fe_developer_policy.json
cnf/env/csi/sms/tst/004-aws-iam/rcr/infra_admins_policy.json
cnf/env/csi/sms/tst/015-s3-bucket/idy/test-bucket202210121927_assume_policy.json
cnf/env/csi/sms/tst/015-s3-bucket/idy/test-bucket202210121927_s3_access_policy.json
cnf/env/csi/sms/tst/015-s3-bucket/rcr/test-bucket202210121926_assume_policy.json
cnf/env/csi/sms/tst/015-s3-bucket/rcr/test-bucket202210121926_s3_access_policy.json
cnf/env/csi/sms/tst/030-eks/alb-worker-inline-policy.json
cnf/env/csi/sms/tst/050-wireguard/peers.json
cnf/env/csi/sms/tst/050-wireguard/peers.yaml
cnf/env/csi/sms/tst/etc/nginx/conf.d/doc-store.csi.sms.tst.flok.fi.conf
cnf/env/csi/sms/tst/report/config.md
cnf/env/csi/sms/tst/tf/002-aws-accounts-remote-bucket.vars.tfvars
cnf/env/csi/sms/tst/tf/002-aws-accounts.backend-config.tfvars
cnf/env/csi/sms/tst/tf/002-aws-accounts.vars.tfvars
cnf/env/csi/sms/tst/tf/003-aws-scps-remote-bucket.vars.tfvars
cnf/env/csi/sms/tst/tf/003-aws-scps.backend-config.tfvars
cnf/env/csi/sms/tst/tf/003-aws-scps.vars.tfvars
cnf/env/csi/sms/tst/tf/004-aws-iam-remote-bucket.vars.tfvars
cnf/env/csi/sms/tst/tf/004-aws-iam.backend-config.tfvars
cnf/env/csi/sms/tst/tf/004-aws-iam.vars.tfvars
cnf/env/csi/sms/tst/tf/005-sys-users.vars.tfvars
cnf/env/csi/sms/tst/tf/006-individual-users.vars.tfvars
cnf/env/csi/sms/tst/tf/007-dns-remote-bucket.vars.tfvars
cnf/env/csi/sms/tst/tf/007-dns.backend-config.tfvars
cnf/env/csi/sms/tst/tf/007-dns.vars.tfvars
cnf/env/csi/sms/tst/tf/008-ecr-remote-bucket.vars.tfvars
cnf/env/csi/sms/tst/tf/008-ecr.backend-config.tfvars
cnf/env/csi/sms/tst/tf/008-ecr.vars.tfvars
cnf/env/csi/sms/tst/tf/009-budgets.vars.tfvars
cnf/env/csi/sms/tst/tf/010-static-sites-remote-bucket.vars.tfvars
cnf/env/csi/sms/tst/tf/010-static-sites.backend-config.tfvars
cnf/env/csi/sms/tst/tf/010-static-sites.vars.tfvars
cnf/env/csi/sms/tst/tf/011-static-sites.vars.tfvars
cnf/env/csi/sms/tst/tf/012-static-sites.vars.tfvars
cnf/env/csi/sms/tst/tf/013-sbss-infra-mon-remote-bucket.vars.tfvars
cnf/env/csi/sms/tst/tf/013-sbss-infra-mon.backend-config.tfvars
cnf/env/csi/sms/tst/tf/013-sbss-infra-mon.vars.tfvars
cnf/env/csi/sms/tst/tf/013-static-sites-remote-bucket.vars.tfvars
cnf/env/csi/sms/tst/tf/013-static-sites.backend-config.tfvars
cnf/env/csi/sms/tst/tf/013-static-sites.vars.tfvars
cnf/env/csi/sms/tst/tf/014-static-sites-remote-bucket.vars.tfvars
cnf/env/csi/sms/tst/tf/014-static-sites.backend-config.tfvars
cnf/env/csi/sms/tst/tf/014-static-sites.vars.tfvars
cnf/env/csi/sms/tst/tf/015-s3-buckets-remote-bucket.vars.tfvars
cnf/env/csi/sms/tst/tf/015-s3-buckets.backend-config.tfvars
cnf/env/csi/sms/tst/tf/015-s3-buckets.vars.tfvars
cnf/env/csi/sms/tst/tf/020-rds.vars.tfvars
cnf/env/csi/sms/tst/tf/021-rds-credentials-remote-bucket.vars.tfvars
cnf/env/csi/sms/tst/tf/021-rds-credentials.backend-config.tfvars
cnf/env/csi/sms/tst/tf/021-rds-credentials.vars.tfvars
cnf/env/csi/sms/tst/tf/030-eks.vars.tfvars
cnf/env/csi/sms/tst/tf/033-jenkins-x.vars.tfvars
cnf/env/csi/sms/tst/tf/035-cloudflare-facade.vars.tfvars
cnf/env/csi/sms/tst/tf/040-jenkins.vars.tfvars
cnf/env/csi/sms/tst/tf/050-wireguard-remote-bucket.vars.tfvars
cnf/env/csi/sms/tst/tf/050-wireguard.backend-config.tfvars
cnf/env/csi/sms/tst/tf/050-wireguard.vars.tfvars
cnf/env/csi/sms/tst/tf/051-splunk-remote-bucket.vars.tfvars
cnf/env/csi/sms/tst/tf/051-splunk.backend-config.tfvars
cnf/env/csi/sms/tst/tf/051-splunk.vars.tfvars
cnf/env/csi/sms/tst/tf/052-doc-cms-remote-bucket.vars.tfvars
cnf/env/csi/sms/tst/tf/052-doc-cms.backend-config.tfvars
cnf/env/csi/sms/tst/tf/052-doc-cms.vars.tfvars
cnf/env/csi/sms/tst/tf/053-doc-mon-cms.vars.tfvars
cnf/env/csi/sms/tst/tf/053-infra-monitor-remote-bucket.vars.tfvars
cnf/env/csi/sms/tst/tf/053-infra-monitor.backend-config.tfvars
cnf/env/csi/sms/tst/tf/053-infra-monitor.vars.tfvars
cnf/env/csi/sms/tst/tf/055-monitor.vars.tfvars
cnf/env/csi/sms/tst/tf/060-location-service.vars.tfvars
cnf/env/csi/sms/tst/tf/061-location-service.vars.tfvars
cnf/env/csi/sms/tst/tf/065-sns-topics-remote-bucket.vars.tfvars
cnf/env/csi/sms/tst/tf/065-sns-topics.backend-config.tfvars
cnf/env/csi/sms/tst/tf/065-sns-topics.vars.tfvars
cnf/env/csi/sms/tst/tf/070-coupling.vars.tfvars
cnf/env/csi/sms/tst/tf/071-cnf-creds-remote-bucket.vars.tfvars
cnf/env/csi/sms/tst/tf/071-cnf-creds.backend-config.tfvars
cnf/env/csi/sms/tst/tf/071-cnf-creds.vars.tfvars
cnf/env/csi/src/bash/run/generate-docker-tasks.func.sh
cnf/env/csi/src/bash/run/morph-module.func.sh
cnf/env/csi/src/bash/run/print-usage.func.sh
cnf/env/csi/src/bash/run/run.sh
cnf/env/csi/src/bash/run/scan-to-list-file.func.sh
cnf/env/csi/src/bash/run/set-vars-on-alpine.func.sh
cnf/env/csi/src/bash/run/set-vars-on-mac.func.sh
cnf/env/csi/src/bash/run/set-vars-on-manjaro.func.sh
cnf/env/csi/src/bash/run/set-vars-on-suse.func.sh
cnf/env/csi/src/bash/run/set-vars-on-ubuntu.func.sh
cnf/env/csi/src/bash/run/zip-me-as-module.func.sh
cnf/env/csi/src/make/docker-provisoning-tasks.mk
cnf/env/csi/src/tpl/%app%/%env%/tf/002-aws-accounts-remote-bucket.vars.tfvars.tpl
cnf/env/csi/src/tpl/%app%/%env%/tf/002-aws-accounts.backend-config.tfvars.tpl
cnf/env/csi/src/tpl/%app%/%env%/tf/002-aws-accounts.vars.tfvars.tpl
cnf/env/csi/src/tpl/%app%/%env%/tf/003-aws-scps-remote-bucket.vars.tfvars.tpl
cnf/env/csi/src/tpl/%app%/%env%/tf/003-aws-scps.backend-config.tfvars.tpl
cnf/env/csi/src/tpl/%app%/%env%/tf/003-aws-scps.vars.tfvars.tpl
cnf/env/csi/src/tpl/%app%/%env%/tf/004-aws-iam-remote-bucket.vars.tfvars.tpl
cnf/env/csi/src/tpl/%app%/%env%/tf/004-aws-iam.backend-config.tfvars.tpl
cnf/env/csi/src/tpl/%app%/%env%/tf/004-aws-iam.vars.tfvars.tpl
cnf/env/csi/src/tpl/%app%/%env%/tf/005-sys-users-remote-bucket.vars.tfvars.tpl
cnf/env/csi/src/tpl/%app%/%env%/tf/005-sys-users.backend-config.tfvars.tpl
cnf/env/csi/src/tpl/%app%/%env%/tf/005-sys-users.vars.tfvars.tpl
cnf/env/csi/src/tpl/%app%/%env%/tf/006-individual-users-remote-bucket.vars.tfvars.tpl
cnf/env/csi/src/tpl/%app%/%env%/tf/006-individual-users.backend-config.tfvars.tpl
cnf/env/csi/src/tpl/%app%/%env%/tf/006-individual-users.vars.tfvars.tpl
cnf/env/csi/src/tpl/%app%/%env%/tf/007-dns-remote-bucket.vars.tfvars.tpl
cnf/env/csi/src/tpl/%app%/%env%/tf/007-dns.backend-config.tfvars.tpl
cnf/env/csi/src/tpl/%app%/%env%/tf/007-dns.vars.tfvars.tpl
cnf/env/csi/src/tpl/%app%/%env%/tf/008-ecr-remote-bucket.vars.tfvars.tpl
cnf/env/csi/src/tpl/%app%/%env%/tf/008-ecr.backend-config.tfvars.tpl
cnf/env/csi/src/tpl/%app%/%env%/tf/008-ecr.vars.tfvars.tpl
cnf/env/csi/src/tpl/%app%/%env%/tf/009-budgets-remote-bucket.vars.tfvars.tpl
cnf/env/csi/src/tpl/%app%/%env%/tf/009-budgets.backend-config.tfvars.tpl
cnf/env/csi/src/tpl/%app%/%env%/tf/009-budgets.vars.tfvars.tpl
cnf/env/csi/src/tpl/%app%/%env%/tf/010-static-sites-remote-bucket.vars.tfvars.tpl
cnf/env/csi/src/tpl/%app%/%env%/tf/010-static-sites.backend-config.tfvars.tpl
cnf/env/csi/src/tpl/%app%/%env%/tf/010-static-sites.vars.tfvars.tpl
cnf/env/csi/src/tpl/%app%/%env%/tf/011-static-sites-remote-bucket.vars.tfvars.tpl
cnf/env/csi/src/tpl/%app%/%env%/tf/011-static-sites.backend-config.tfvars.tpl
cnf/env/csi/src/tpl/%app%/%env%/tf/011-static-sites.vars.tfvars.tpl
cnf/env/csi/src/tpl/%app%/%env%/tf/012-static-sites-remote-bucket.vars.tfvars.tpl
cnf/env/csi/src/tpl/%app%/%env%/tf/012-static-sites.backend-config.tfvars.tpl
cnf/env/csi/src/tpl/%app%/%env%/tf/012-static-sites.vars.tfvars.tpl
cnf/env/csi/src/tpl/%app%/%env%/tf/013-sbss-infra-mon-remote-bucket.vars.tfvars.tpl
cnf/env/csi/src/tpl/%app%/%env%/tf/013-sbss-infra-mon.backend-config.tfvars.tpl
cnf/env/csi/src/tpl/%app%/%env%/tf/013-sbss-infra-mon.vars.tfvars.tpl
cnf/env/csi/src/tpl/%app%/%env%/tf/013-static-sites-remote-bucket.vars.tfvars.tpl
cnf/env/csi/src/tpl/%app%/%env%/tf/013-static-sites.backend-config.tfvars.tpl
cnf/env/csi/src/tpl/%app%/%env%/tf/013-static-sites.vars.tfvars.tpl
cnf/env/csi/src/tpl/%app%/%env%/tf/014-static-sites-remote-bucket.vars.tfvars.tpl
cnf/env/csi/src/tpl/%app%/%env%/tf/014-static-sites.backend-config.tfvars.tpl
cnf/env/csi/src/tpl/%app%/%env%/tf/014-static-sites.vars.tfvars.tpl
cnf/env/csi/src/tpl/%app%/%env%/tf/015-s3-buckets-remote-bucket.vars.tfvars.tpl
cnf/env/csi/src/tpl/%app%/%env%/tf/015-s3-buckets.backend-config.tfvars.tpl
cnf/env/csi/src/tpl/%app%/%env%/tf/015-s3-buckets.vars.tfvars.tpl
cnf/env/csi/src/tpl/%app%/%env%/tf/021-rds-credentials-remote-bucket.vars.tfvars.tpl
cnf/env/csi/src/tpl/%app%/%env%/tf/021-rds-credentials.backend-config.tfvars.tpl
cnf/env/csi/src/tpl/%app%/%env%/tf/021-rds-credentials.vars.tfvars.tpl
cnf/env/csi/src/tpl/%app%/%env%/tf/030-eks-remote-bucket.vars.tfvars.tpl
cnf/env/csi/src/tpl/%app%/%env%/tf/030-eks.backend-config.tfvars.tpl
cnf/env/csi/src/tpl/%app%/%env%/tf/030-eks.vars.tfvars.tpl
cnf/env/csi/src/tpl/%app%/%env%/tf/033-jenkins-x-remote-bucket.vars.tfvars.tpl
cnf/env/csi/src/tpl/%app%/%env%/tf/033-jenkins-x.backend-config.tfvars.tpl
cnf/env/csi/src/tpl/%app%/%env%/tf/033-jenkins-x.vars.tfvars.tpl
cnf/env/csi/src/tpl/%app%/%env%/tf/035-cloudflare-facade-remote-bucket.vars.tfvars.tpl
cnf/env/csi/src/tpl/%app%/%env%/tf/035-cloudflare-facade.backend-config.tfvars.tpl
cnf/env/csi/src/tpl/%app%/%env%/tf/035-cloudflare-facade.vars.tfvars.tpl
cnf/env/csi/src/tpl/%app%/%env%/tf/040-jenkins-remote-bucket.vars.tfvars.tpl
cnf/env/csi/src/tpl/%app%/%env%/tf/040-jenkins.backend-config.tfvars.tpl
cnf/env/csi/src/tpl/%app%/%env%/tf/040-jenkins.vars.tfvars.tpl
cnf/env/csi/src/tpl/%app%/%env%/tf/050-wireguard-remote-bucket.vars.tfvars.tpl
cnf/env/csi/src/tpl/%app%/%env%/tf/050-wireguard.backend-config.tfvars.tpl
cnf/env/csi/src/tpl/%app%/%env%/tf/050-wireguard.vars.tfvars.tpl
cnf/env/csi/src/tpl/%app%/%env%/tf/051-splunk-remote-bucket.vars.tfvars.tpl
cnf/env/csi/src/tpl/%app%/%env%/tf/051-splunk.backend-config.tfvars.tpl
cnf/env/csi/src/tpl/%app%/%env%/tf/051-splunk.vars.tfvars.tpl
cnf/env/csi/src/tpl/%app%/%env%/tf/052-doc-cms-remote-bucket.vars.tfvars.tpl
cnf/env/csi/src/tpl/%app%/%env%/tf/052-doc-cms.backend-config.tfvars.tpl
cnf/env/csi/src/tpl/%app%/%env%/tf/052-doc-cms.vars.tfvars.tpl
cnf/env/csi/src/tpl/%app%/%env%/tf/053-infra-monitor-remote-bucket.vars.tfvars.tpl
cnf/env/csi/src/tpl/%app%/%env%/tf/053-infra-monitor.backend-config.tfvars.tpl
cnf/env/csi/src/tpl/%app%/%env%/tf/053-infra-monitor.vars.tfvars.tpl
cnf/env/csi/src/tpl/%app%/%env%/tf/055-monitor-remote-bucket.vars.tfvars.tpl
cnf/env/csi/src/tpl/%app%/%env%/tf/055-monitor.backend-config.tfvars.tpl
cnf/env/csi/src/tpl/%app%/%env%/tf/055-monitor.vars.tfvars.tpl
cnf/env/csi/src/tpl/%app%/%env%/tf/060-location-service-remote-bucket.vars.tfvars.tpl
cnf/env/csi/src/tpl/%app%/%env%/tf/060-location-service.backend-config.tfvars.tpl
cnf/env/csi/src/tpl/%app%/%env%/tf/060-location-service.vars.tfvars.tpl
cnf/env/csi/src/tpl/%app%/%env%/tf/061-location-service-remote-bucket.vars.tfvars.tpl
cnf/env/csi/src/tpl/%app%/%env%/tf/061-location-service.backend-config.tfvars.tpl
cnf/env/csi/src/tpl/%app%/%env%/tf/061-location-service.vars.tfvars.tpl
cnf/env/csi/src/tpl/%app%/%env%/tf/065-sns-topics-remote-bucket.vars.tfvars.tpl
cnf/env/csi/src/tpl/%app%/%env%/tf/065-sns-topics.backend-config.tfvars.tpl
cnf/env/csi/src/tpl/%app%/%env%/tf/065-sns-topics.vars.tfvars.tpl
cnf/env/csi/src/tpl/%app%/%env%/tf/070-coupling-remote-bucket.vars.tfvars.tpl
cnf/env/csi/src/tpl/%app%/%env%/tf/070-coupling.backend-config.tfvars.tpl
cnf/env/csi/src/tpl/%app%/%env%/tf/070-coupling.vars.tfvars.tpl
cnf/env/csi/src/tpl/%app%/%env%/tf/071-cnf-creds-remote-bucket.vars.tfvars.tpl
cnf/env/csi/src/tpl/%app%/%env%/tf/071-cnf-creds.backend-config.tfvars.tpl
cnf/env/csi/src/tpl/%app%/%env%/tf/071-cnf-creds.vars.tfvars.tpl
cnf/lst/infra-mon.exclude.lst
cnf/lst/infra-mon.include.lst
cnf/terraform/013-sbss-infra-mon-remote-bucket/csi.sms.dev.tfstate
cnf/terraform/013-static-sites-remote-bucket/csi.sms.dev.tfstate
cnf/terraform/013-static-sites-remote-bucket/csi.sms.prd.tfstate
cnf/terraform/013-static-sites-remote-bucket/csi.sms.tst.tfstate
dat/terraform/013-static-sites-remote-bucket/terraform.20230314_152854.bak.tfstate
dat/terraform/013-static-sites-remote-bucket/terraform.20230314_163921.bak.tfstate
dat/terraform/013-static-sites-remote-bucket/terraform.20230314_165553.bak.tfstate
dat/tmp/.found-generate-docker-tasks
dat/tpl/docker-task.mk
dat/var/www/html/info.php
lib/bash/fetch-resources.sh
lib/bash/funcs/arch-install-bins.func.sh
lib/bash/funcs/export-json-section-vars.func.sh
lib/bash/funcs/flush-screen.func.sh
lib/bash/funcs/mac-install-bins.func.sh
lib/bash/funcs/manjaro-install-bins.func.sh
lib/bash/funcs/morph-dir.func.sh
lib/bash/funcs/new-issue.func.sh
lib/bash/funcs/parse-ini-section-vars.func.sh
lib/bash/funcs/read-conf-section.func.sh
lib/bash/funcs/require-var.func.sh
lib/bash/funcs/set-vars-on-alpine.func.sh
lib/bash/funcs/set-vars-on-mac.func.sh
lib/bash/funcs/set-vars-on-suse.func.sh
lib/bash/funcs/set-vars-on-ubuntu.func.sh
lib/bash/funcs/suse-install-bins.func.sh
lib/bash/funcs/test-helpers.sh
lib/bash/funcs/ubuntu-install-bins.func.sh
lib/bash/funcs/zip-me.func.sh
lib/make/check-terraform.func.mk
lib/make/demand-var.func.mk
lib/make/install-img.func.mk
lib/make/make-help.func.mk
lib/make/oae.func.mk
lib/make/prune-docker-system.func.mk
lib/make/set-default-shell.mk
lib/make/set-env.func.mk
lib/make/stop-img-containers.func.mk
lib/make/zip-me.func.mk
lib/tpl/docker-task.mk
lib/tpl/terraform/step-remote-bucket/01-main.tf
lib/tpl/terraform/step-remote-bucket/02-variables.tf
lib/tpl/terraform/step-remote-bucket/03-s3-bucket.tf
lib/tpl/terraform/step-remote-bucket/tpl/step-name-remote-bucket.vars.tfvars.tpl
lib/tpl/terraform/step-remote-bucket/tpl/step-name.backend-config.tfvars.tpl
lib/tpl/terraform/step-remote-bucket/tpl/step-name.vars.tfvars.tpl
lib/tpl/terraform/step/00-versions.tf
lib/tpl/terraform/step/01-providers.tf
lib/tpl/terraform/step/02-variables.tf
lib/tpl/terraform/step/03-outputs.tf
lib/tpl/terraform/step/04-data.tf
lib/tpl/terraform/step/05-locals.tf
src/bash/run/alpine-check-install-global-npm-modules.func.sh
src/bash/run/arch-check-install-docker.func.sh
src/bash/run/backup-postgres-all-dbs.func.sh
src/bash/run/backup-postgres-db.func.sh
src/bash/run/check-install-npm-modules.func.sh
src/bash/run/check-install-poetry.func.sh
src/bash/run/check-install-py-modules.func.sh
src/bash/run/check-install-terraform.func.sh
src/bash/run/configure-ufw-firewall.func.sh
src/bash/run/docker-init-tf-runner.sh
src/bash/run/docker-init-infra-monitor-ui.sh
src/bash/run/empty-bucket.func.sh
src/bash/run/generate-aws-admin-roles-switching.func.sh
src/bash/run/generate-aws-credentials-file.func.sh
src/bash/run/generate-aws-roles-switching.func.sh
src/bash/run/generate-docker-tasks.func.sh
src/bash/run/get-microservices-versions-from-k8s.func.sh
src/bash/run/install-nginx.func.sh
src/bash/run/install-terraform.func.sh
src/bash/run/morph-dir.func.sh
src/bash/run/morph-module.func.sh
src/bash/run/print-usage.func.sh
src/bash/run/provision.func.sh
src/bash/run/remove-bucket.func.sh
src/bash/run/run.sh
src/bash/run/scan-to-list-file.func.sh
src/bash/run/set-vars-on-alpine.func.sh
src/bash/run/set-vars-on-mac.func.sh
src/bash/run/set-vars-on-manjaro.func.sh
src/bash/run/set-vars-on-suse.func.sh
src/bash/run/set-vars-on-ubuntu.func.sh
src/bash/run/test-020-static-sites.func.sh
src/bash/run/tf-apply-local.func.sh
src/bash/run/tf-apply.func.sh
src/bash/run/tf-destroy-local.func.sh
src/bash/run/tf-destroy.func.sh
src/bash/run/tf-import.func.sh
src/bash/run/tpl-gen.func.sh
src/bash/run/ubuntu-check-install-aws-cli.func.sh
src/bash/run/ubuntu-check-install-docker.func.sh
src/bash/run/upload-local-site-to-s3.func.sh
src/bash/run/zip-me-as-module.func.sh
src/bash/scripts/build-angular.sh
src/bash/scripts/copy-ecr-images-cp.sh
src/bash/scripts/copy-policies-cnf-files.sh
src/bash/scripts/create-source-repo.sh
src/bash/scripts/export-aws-hosted-zone-into-file.sh
src/docker/tf-runner/Dockerfile.arm64
src/docker/tf-runner/Dockerfile.x86_64
src/docker/infra-monitor-ui/Dockerfile.arm64
src/docker/infra-monitor-ui/Dockerfile.x86_64
src/docker/infra-monitor-ui/infra-monitor-ui-global-npm-modules.lst
src/make/aws-credentials.func.mk
src/make/aws-roles-switching.func.mk
src/make/build-nodejs-apps.func.mk
src/make/docker-generate-provisioning-tasks.mk
src/make/docker-provisoning-tasks.mk
src/make/install-img-tf-runner.func.mk
src/make/install-img-infra-monitor-ui.func.mk
src/make/install-terraform.func.mk
src/make/psql-generate-scrips.func.mk
src/make/psql.func.mk
src/make/terraform-tasks.incl.mk
src/make/tpl-gen.incl.mk
src/nodejs/infra-monitor-ui/.editorconfig
src/nodejs/infra-monitor-ui/angular.json
src/nodejs/infra-monitor-ui/dist/infra-monitor-ui/3rdpartylicenses.txt
src/nodejs/infra-monitor-ui/dist/infra-monitor-ui/assets/data/data-response.json
src/nodejs/infra-monitor-ui/dist/infra-monitor-ui/favicon.ico
src/nodejs/infra-monitor-ui/dist/infra-monitor-ui/index.html
src/nodejs/infra-monitor-ui/dist/infra-monitor-ui/main.499864efe6b246c4.js
src/nodejs/infra-monitor-ui/dist/infra-monitor-ui/polyfills.5af27c2e741b90d4.js
src/nodejs/infra-monitor-ui/dist/infra-monitor-ui/runtime.65cabf25a27feee1.js
src/nodejs/infra-monitor-ui/dist/infra-monitor-ui/styles.a3281492dbc7b6af.css
src/nodejs/infra-monitor-ui/package-lock.json
src/nodejs/infra-monitor-ui/package.json
src/nodejs/infra-monitor-ui/src/app/app.component.html
src/nodejs/infra-monitor-ui/src/app/app.component.scss
src/nodejs/infra-monitor-ui/src/app/app.component.ts
src/nodejs/infra-monitor-ui/src/app/app.module.ts
src/nodejs/infra-monitor-ui/src/app/dashboard/dashboard.component.html
src/nodejs/infra-monitor-ui/src/app/dashboard/dashboard.component.scss
src/nodejs/infra-monitor-ui/src/app/dashboard/dashboard.component.ts
src/nodejs/infra-monitor-ui/src/app/dashboard/table/table.component.html
src/nodejs/infra-monitor-ui/src/app/dashboard/table/table.component.scss
src/nodejs/infra-monitor-ui/src/app/dashboard/table/table.component.ts
src/nodejs/infra-monitor-ui/src/app/header/header.component.html
src/nodejs/infra-monitor-ui/src/app/header/header.component.scss
src/nodejs/infra-monitor-ui/src/app/header/header.component.ts
src/nodejs/infra-monitor-ui/src/app/home/home.component.html
src/nodejs/infra-monitor-ui/src/app/home/home.component.scss
src/nodejs/infra-monitor-ui/src/app/home/home.component.ts
src/nodejs/infra-monitor-ui/src/app/modules/bootstrap.module.ts
src/nodejs/infra-monitor-ui/src/app/routing/app-routing.module.ts
src/nodejs/infra-monitor-ui/src/app/services/http.service.ts
src/nodejs/infra-monitor-ui/src/app/shared/Cluster.model.ts
src/nodejs/infra-monitor-ui/src/app/shared/Module.model.ts
src/nodejs/infra-monitor-ui/src/assets/data/data-response.json
src/nodejs/infra-monitor-ui/src/favicon.ico
src/nodejs/infra-monitor-ui/src/index.html
src/nodejs/infra-monitor-ui/src/main.ts
src/nodejs/infra-monitor-ui/src/sass/styles.scss
src/nodejs/infra-monitor-ui/tsconfig.app.json
src/nodejs/infra-monitor-ui/tsconfig.json
src/nodejs/infra-monitor-ui/tsconfig.spec.json
src/nodejs/infra-monitor/dist/infra-monitor/3rdpartylicenses.txt
src/nodejs/infra-monitor/dist/infra-monitor/assets/data/data-response.json
src/nodejs/infra-monitor/dist/infra-monitor/favicon.ico
src/nodejs/infra-monitor/dist/infra-monitor/index.html
src/nodejs/infra-monitor/dist/infra-monitor/main.132b7646df38f12c.js
src/nodejs/infra-monitor/dist/infra-monitor/polyfills.ad3e05a327a4fd52.js
src/nodejs/infra-monitor/dist/infra-monitor/runtime.e1b9112a94583cd9.js
src/nodejs/infra-monitor/dist/infra-monitor/styles.a3281492dbc7b6af.css
src/perl/scripts/generate-aws-switch-roles-bookmarks.pl
src/python/aws-credentials/aws-credentials.py
src/python/aws/examples/main.py
src/terraform/003-aws-scps-remote-bucket/01-main.tf
src/terraform/003-aws-scps-remote-bucket/02-variables.tf
src/terraform/003-aws-scps-remote-bucket/03-s3-bucket.tf
src/terraform/003-aws-scps/01-main.tf
src/terraform/003-aws-scps/02-variables.tf
src/terraform/003-aws-scps/03-organizational-policies.tf
src/terraform/003-aws-scps/04-organizational-policies-attachment.tf
src/terraform/007-dns-remote-bucket/01-main.tf
src/terraform/007-dns-remote-bucket/02-variables.tf
src/terraform/007-dns-remote-bucket/03-s3-bucket.tf
src/terraform/007-dns/01-main.tf
src/terraform/007-dns/02-providers.tf
src/terraform/007-dns/03-variables.tf
src/terraform/007-dns/04-dns-resources.tf
src/terraform/007-dns/05-ns-entries-root-domain.tf
src/terraform/007-dns/06-route53-private-zone.tf
src/terraform/007-dns/07-acm.tf
src/terraform/007-dns/08-external-dns-entries.tf
src/terraform/007-dns/99-outputs.tf
src/terraform/010-static-sites-remote-bucket/01-main.tf
src/terraform/010-static-sites-remote-bucket/02-variables.tf
src/terraform/010-static-sites-remote-bucket/03-s3-bucket.tf
src/terraform/010-static-sites/01-main.tf
src/terraform/010-static-sites/02-variables.tf
src/terraform/010-static-sites/03-module_sms_tests_result_site.tf
src/terraform/010-static-sites/html/index.html
src/terraform/011-static-sites-remote-bucket/01-main.tf
src/terraform/011-static-sites-remote-bucket/02-variables.tf
src/terraform/011-static-sites-remote-bucket/03-s3-bucket.tf
src/terraform/011-static-sites/01-main.tf
src/terraform/011-static-sites/02-variables.tf
src/terraform/011-static-sites/03-outputs.tf
src/terraform/011-static-sites/04-static-sites.tf
src/terraform/011-static-sites/html/index.html
src/terraform/012-static-sites-remote-bucket/01-main.tf
src/terraform/012-static-sites-remote-bucket/02-variables.tf
src/terraform/012-static-sites-remote-bucket/03-s3-bucket.tf
src/terraform/012-static-sites/01-main.tf
src/terraform/012-static-sites/02-variables.tf
src/terraform/012-static-sites/03-outputs.tf
src/terraform/012-static-sites/04-static-sites.tf
src/terraform/012-static-sites/html/index.html
src/terraform/013-sbss-infra-mon-remote-bucket/01-main.tf
src/terraform/013-sbss-infra-mon-remote-bucket/02-variables.tf
src/terraform/013-sbss-infra-mon-remote-bucket/03-s3-bucket.tf
src/terraform/013-sbss-infra-mon/01-main.tf
src/terraform/013-sbss-infra-mon/02-variables.tf
src/terraform/013-sbss-infra-mon/03-module-static-site-infra-monitor.tf
src/terraform/013-sbss-infra-mon/html/index.html
src/terraform/013-static-sites-remote-bucket/01-main.tf
src/terraform/013-static-sites-remote-bucket/02-variables.tf
src/terraform/013-static-sites-remote-bucket/03-s3-bucket.tf
src/terraform/013-static-sites/01-main.tf
src/terraform/013-static-sites/02-variables.tf
src/terraform/013-static-sites/03-module_sms_tests_result_site.tf
src/terraform/013-static-sites/html/index.html
src/terraform/015-s3-buckets-remote-bucket/01-main.tf
src/terraform/015-s3-buckets-remote-bucket/02-variables.tf
src/terraform/015-s3-buckets-remote-bucket/03-s3-bucket.tf
src/terraform/015-s3-buckets/01-main.tf
src/terraform/015-s3-buckets/02-variables.tf
src/terraform/015-s3-buckets/03-data.tf
src/terraform/015-s3-buckets/04-s3-buckets.tf
src/terraform/015-s3-buckets/05-access-role.tf
src/terraform/015-s3-buckets/06-role-policy.tf
src/terraform/015-s3-buckets/99-outputs.tf
src/terraform/053-infra-monitor-remote-bucket/01-main.tf
src/terraform/053-infra-monitor-remote-bucket/02-variables.tf
src/terraform/053-infra-monitor-remote-bucket/03-s3-bucket.tf
src/terraform/053-infra-monitor/01-main.tf
src/terraform/053-infra-monitor/02-variables.tf
src/terraform/053-infra-monitor/03-vpc.tf
src/terraform/053-infra-monitor/04-local.tf
src/terraform/053-infra-monitor/05-data.tf
src/terraform/053-infra-monitor/06-ami.tf
src/terraform/053-infra-monitor/07-security-groups.tf
src/terraform/053-infra-monitor/08-ssh-keys.tf
src/terraform/053-infra-monitor/09-ec2-instance.tf
src/terraform/053-infra-monitor/10-iam-role-s3-site-access.tf
src/terraform/053-infra-monitor/12-dns.tf
src/terraform/053-infra-monitor/13-ebs.tf
src/terraform/053-infra-monitor/99-outputs.tf
src/terraform/053-infra-monitor/user_data/ebs-mount.sh
src/terraform/055-monitor-remote-bucket/01-main.tf
src/terraform/055-monitor-remote-bucket/02-variables.tf
src/terraform/055-monitor-remote-bucket/03-s3-bucket.tf
src/terraform/055-monitor/01-main.tf
src/terraform/055-monitor/02-variables.tf
src/terraform/055-monitor/03-module_monitor_tests_result_site.tf
src/terraform/055-monitor/html/index.html
src/terraform/070-coupling-remote-bucket/01-main.tf
src/terraform/070-coupling-remote-bucket/02-variables.tf
src/terraform/070-coupling-remote-bucket/03-s3-bucket.tf
src/terraform/070-coupling/01-main.tf
src/terraform/070-coupling/02-variables.tf
src/terraform/070-coupling/03-outputs.tf
src/terraform/070-coupling/04-data.tf
src/terraform/070-coupling/06-vpc-peering-rds-eks.tf
src/terraform/070-coupling/07-vpc-peering-rds-wg.tf
src/terraform/070-coupling/08-vpc-peering-eks-wg.tf
src/terraform/070-coupling/09-asm-sync.tf
src/terraform/071-cnf-creds-remote-bucket/01-main.tf
src/terraform/071-cnf-creds-remote-bucket/02-variables.tf
src/terraform/071-cnf-creds-remote-bucket/03-s3-bucket.tf
src/terraform/071-cnf-creds/01.00-main-providers.tf
src/terraform/071-cnf-creds/02.01-infra-core-vars.tf
src/terraform/071-cnf-creds/02.02-step-vars.tf
src/terraform/071-cnf-creds/02.03-local-variables.tf
src/terraform/071-cnf-creds/03.00-config-credentials-secrets.tf
src/terraform/modules/account-id-filter-by-name/main.tf
src/terraform/modules/account-id-filter-by-name/variables.tf
src/terraform/modules/aws-account/main.tf
src/terraform/modules/aws-account/outputs.tf
src/terraform/modules/aws-account/variables.tf
src/terraform/modules/aws-route53-subdomain/main.tf
src/terraform/modules/aws-route53-subdomain/variables.tf
src/terraform/modules/aws-static-website-01/01-providers.tf
src/terraform/modules/aws-static-website-01/02-variables.tf
src/terraform/modules/aws-static-website-01/03-acm-certificate.tf
src/terraform/modules/aws-static-website-01/04-cloudfront-oae.tf
src/terraform/modules/aws-static-website-01/05-s3-bucket.tf
src/terraform/modules/aws-static-website-01/06-cloudfront-distribution.tf
src/terraform/modules/aws-static-website-01/07-record-set.tf
src/terraform/modules/aws-static-website-01/99-outputs.tf
src/terraform/modules/aws-static-website-02/01-providers.tf
src/terraform/modules/aws-static-website-02/02-variables.tf
src/terraform/modules/aws-static-website-02/03-acm-certificate.tf
src/terraform/modules/aws-static-website-02/04-cloudfront-oae.tf
src/terraform/modules/aws-static-website-02/05-s3-bucket.tf
src/terraform/modules/aws-static-website-02/06-cloudfront-distribution.tf
src/terraform/modules/aws-static-website-02/07-record-set.tf
src/terraform/modules/aws-static-website-02/99-outputs.tf
src/terraform/modules/aws-static-website/01-main.tf
src/terraform/modules/aws-static-website/02-variables.tf
src/terraform/modules/aws-static-website/03-acm-certificate.tf
src/terraform/modules/aws-static-website/04-bucket.tf
src/terraform/modules/aws-static-website/05-cloudfront-distribution.tf
src/terraform/modules/aws-static-website/06-record-set.tf
src/terraform/modules/iam-user/01-versions.tf
src/terraform/modules/iam-user/02-variables.tf
src/terraform/modules/iam-user/03-outputs.tf
src/terraform/modules/iam-user/04-main.tf
src/terraform/modules/persistent-ec2/01-versions.tf
src/terraform/modules/persistent-ec2/02-variables.tf
src/terraform/modules/persistent-ec2/03-outputs.tf
src/terraform/modules/persistent-ec2/04-data.tf
src/terraform/modules/persistent-ec2/05-locals.tf
src/terraform/modules/persistent-ec2/06-ssh-keys.tf
src/terraform/modules/persistent-ec2/07-iam-instance-profile.tf
src/terraform/modules/persistent-ec2/08-ec2.tf
src/terraform/modules/persistent-ec2/09-ebs-attachment.tf
src/terraform/modules/persistent-ec2/templates/user-data.txt
src/terraform/modules/state-bucket/01-variables.tf
src/terraform/modules/state-bucket/02-state-bucket.tf
src/terraform/modules/templates/kubeconfig.tpl
sub/sess-token-getter/src/python/scripts/aws-utils.py
sub/sess-token-getter/src/python/scripts/classes/AWSAccount.py
