cnf/lst/infra-core.include.lst
.editorconfig
Makefile
cnf/lst/infra-core.exclude.lst
cnf/lst/infra-core.include.lst
cnf/lst/infra-mon.exclude.lst
cnf/lst/infra-mon.include.lst
cnf/lst/infra.exclude.lst
cnf/lst/infra.include.lst
cnf/lst/run.sh.exclude.lst
cnf/lst/run.sh.include.lst
cnf/lst/spe-infra-conf.exclude.lst
cnf/lst/spe-infra-conf.include.lst
cnf/lst/spe-prp-infra.exclude.lst
cnf/lst/spe-prp-infra.include.lst
cookies.txt
dat/cnf/dns/flok.fi.bind
dat/terraform/013-static-sites-remote-bucket/terraform.20230314_152854.bak.tfstate
dat/terraform/013-static-sites-remote-bucket/terraform.20230314_163921.bak.tfstate
dat/terraform/013-static-sites-remote-bucket/terraform.20230314_165553.bak.tfstate
dat/terraform/071-init-cnf-creds-remote-bucket/terraform.20230320_122516.bak.tfstate
dat/tpl/docker-task.mk
lib/bash/fetch-resources.sh
lib/bash/funcs/arch-install-bins.func.sh
lib/bash/funcs/export-json-section-vars.func.sh
lib/bash/funcs/flush-screen.func.sh
lib/bash/funcs/get-env-var.func.sh
lib/bash/funcs/list-dockers.func.sh
lib/bash/funcs/mac-install-bins.func.sh
lib/bash/funcs/manjaro-install-bins.func.sh
lib/bash/funcs/morph-dir.func.sh
lib/bash/funcs/new-issue.func.sh
lib/bash/funcs/oae.func.sh
lib/bash/funcs/parse-ini-section-vars.func.sh
lib/bash/funcs/read-conf-section.func.sh
lib/bash/funcs/relative-path.func.sh
lib/bash/funcs/require-var.func.sh
lib/bash/funcs/resolve-dirname.func.sh
lib/bash/funcs/set-vars-on-alpine.func.sh
lib/bash/funcs/set-vars-on-mac.func.sh
lib/bash/funcs/set-vars-on-suse.func.sh
lib/bash/funcs/set-vars-on-ubuntu.func.sh
lib/bash/funcs/suse-install-bins.func.sh
lib/bash/funcs/test-helpers.sh
lib/bash/funcs/ubuntu-install-bins.func.sh
lib/bash/funcs/zip-me.func.sh
lib/docker/se-prp-web/x86_64/Dockerfile.01.18.14.2-alpine
lib/docker/se-prp-web/x86_64/Dockerfile.02.arg-vars
lib/docker/se-prp-web/x86_64/Dockerfile.03.alpine-os-utils
lib/docker/se-prp-web/x86_64/Dockerfile.04.alpine-nodejs-build-utils
lib/docker/se-prp-web/x86_64/Dockerfile.05.install-nodejs
lib/docker/se-prp-web/x86_64/Dockerfile.06.install-global-npm-modules
lib/docker/se-prp-web/x86_64/Dockerfile.07.add-os-user
lib/docker/se-prp-web/x86_64/Dockerfile.08.copy-proj-dir
lib/docker/se-prp-web/x86_64/Dockerfile.09.install-npm-modules
lib/docker/se-prp-web/x86_64/Dockerfile.10.docker-init
lib/docker/user-group-automate/x86_64/Dockerfile.01.python-3.10.11-slim-buster
lib/docker/user-group-automate/x86_64/Dockerfile.02.arg-vars
lib/docker/user-group-automate/x86_64/Dockerfile.03.debian-os-utils
lib/docker/user-group-automate/x86_64/Dockerfile.04.debian-python-build-utils
lib/docker/user-group-automate/x86_64/Dockerfile.05.install-python-pip
lib/docker/user-group-automate/x86_64/Dockerfile.06.add-os-user
lib/docker/user-group-automate/x86_64/Dockerfile.06.install-poetry
lib/docker/user-group-automate/x86_64/Dockerfile.08.copy-proj-dir
lib/docker/user-group-automate/x86_64/Dockerfile.09.install-py-modules
lib/docker/user-group-automate/x86_64/Dockerfile.10.docker-init
lib/make/Dockerfile.ubuntu
lib/make/Dockerfile.x86_64 new
lib/make/Dockerfile.x86_64.old
lib/make/check-terraform.func.mk
lib/make/demand-var.func.mk
lib/make/docker-utils.mk
lib/make/install-img.func.mk
lib/make/make-help.func.mk
lib/make/new-issue.func.mk
lib/make/prune-docker-system.func.mk
lib/make/set-default-shell.mk
lib/make/set-env.func.mk
lib/make/stop-img-containers.func.mk
lib/make/zip-me.func.mk
lib/tpl/docker-task.mk
lib/tpl/terraform/step-remote-bucket/01-main.tf
lib/tpl/terraform/step-remote-bucket/02-variables.tf
lib/tpl/terraform/step-remote-bucket/03-s3-bucket.tf
lib/tpl/terraform/step-remote-bucket/tpl/step-name-remote-bucket.vars.tfvars.tpl
lib/tpl/terraform/step-remote-bucket/tpl/step-name.backend-config.tfvars.tpl
lib/tpl/terraform/step-remote-bucket/tpl/step-name.vars.tfvars.tpl
lib/tpl/terraform/step/00-versions.tf
lib/tpl/terraform/step/01-providers.tf
lib/tpl/terraform/step/02-variables.tf
lib/tpl/terraform/step/03-outputs.tf
lib/tpl/terraform/step/04-data.tf
lib/tpl/terraform/step/05-locals.tf
run
src/bash/run/add-new-aws-infra-admin-user.func.sh
src/bash/run/apply-ad-secrets-to-k8s.func.sh
src/bash/run/arch-check-install-docker.func.sh
src/bash/run/check-install-poetry.func.sh
src/bash/run/check-install-py-modules.func.sh
src/bash/run/check-install-terraform.func.sh
src/bash/run/copy-ecr-data.func.sh
src/bash/run/create-all-db-snapshots.func.sh
src/bash/run/create-root-admin-assume-policies.func.sh
src/bash/run/docker-init-psql-client.sh
src/bash/run/docker-init-tf-runner.sh
src/bash/run/empty-bucket.func.sh
src/bash/run/generate-admin-aws-credentials-file.func.sh
src/bash/run/generate-aws-admin-roles-switching.func.sh
src/bash/run/generate-aws-credentials-file.func.sh
src/bash/run/generate-aws-roles-switching.func.sh
src/bash/run/generate-docker-tasks.func.sh
src/bash/run/generate-kube-config-files.func.sh
src/bash/run/generate-root-account-aws-credentials-file.func.sh
src/bash/run/generate-switch-aws-accounts-links.func.sh
src/bash/run/get-microservices-versions-from-k8s.func.sh
src/bash/run/hello-world.func.sh
src/bash/run/infra-run.func.sh
src/bash/run/infra-spindown.func.sh
src/bash/run/infra-spinup.func.sh
src/bash/run/install-terraform.func.sh
src/bash/run/list-all-dns-entries.func.sh
src/bash/run/morph-dir.func.sh
src/bash/run/morph-module.func.sh
src/bash/run/print-usage.func.sh
src/bash/run/provision-011-commit-remote-bucket-aws-accounts.func.sh
src/bash/run/provision.func.sh
src/bash/run/remove-aws-infra-admin-user.func.sh
src/bash/run/remove-bucket.func.sh
src/bash/run/remove-global-policies.func.sh
src/bash/run/remove-network-interface.func.sh
src/bash/run/remove-vpc.func.sh
src/bash/run/report-aws-iam-user-access.func.sh
src/bash/run/run.sh
src/bash/run/scan-to-list-file.func.sh
src/bash/run/set-vars-on-alpine.func.sh
src/bash/run/set-vars-on-mac.func.sh
src/bash/run/set-vars-on-manjaro.func.sh
src/bash/run/set-vars-on-suse.func.sh
src/bash/run/set-vars-on-ubuntu.func.sh
src/bash/run/tf-apply-local.func.sh
src/bash/run/tf-apply-target.func.sh
src/bash/run/tf-apply.func.sh
src/bash/run/tf-destroy-local.func.sh
src/bash/run/tf-destroy-target.func.sh
src/bash/run/tf-destroy.func.sh
src/bash/run/tf-header.func.sh
src/bash/run/tf-import.func.sh
src/bash/run/tf-new-step.func.sh
src/bash/run/tf-plan.func.sh
src/bash/run/tf-remove-step.func.sh
src/bash/run/tf-replace-target.func.sh
src/bash/run/tf-state-list.func.sh
src/bash/run/tf-state-pull.func.sh
src/bash/run/tf-state-push.func.sh
src/bash/run/tf-state-remove.func.sh
src/bash/run/tf-state-show.func.sh
src/bash/run/tf-taint-target.func.sh
src/bash/run/tf-untaint-target.func.sh
src/bash/run/tpl-gen.func.sh
src/bash/run/ubuntu-check-install-aws-cli.func.sh
src/bash/run/ubuntu-check-install-docker.func.sh
src/bash/run/update-master-iam-user-password.func.sh
src/bash/run/upgrade-postgres-to-v11.func.sh
src/bash/run/zip-me-as-module.func.sh
src/bash/scripts/copy-015-policies-conf.sh
src/bash/scripts/copy-ecr-images-cp.sh
src/bash/scripts/copy-policies-cnf-files.sh
src/bash/scripts/export-aws-hosted-zone-into-file.sh
src/bash/scripts/generate-switch-roles-for-admins.sh
src/bash/scripts/generate-switch-roles-for-non-admins.sh
src/bash/scripts/tf-apply-script-hardwired.sh
src/bash/scripts/tmp-inline-remote-exec.sh
src/docker/psql-client/Dockerfile.x86_64
src/docker/spe-web-ui/Dockerfile
src/docker/tf-runner/Dockerfile.arm64
src/docker/tf-runner/Dockerfile.x86_64
src/make/aws-credentials.func.mk
src/make/aws-roles-switching.func.mk
src/make/docker-generate-provisioning-tasks.mk
src/make/docker-provisoning-tasks.mk
src/make/install-img-psql-client.func.mk
src/make/install-img-tf-runner.func.mk
src/make/install-img.func.mk
src/make/install-terraform.func.mk
src/make/install-user-group-automate.mk
src/make/psql-generate-scrips.func.mk
src/make/psql.func.mk
src/make/terraform-tasks.incl.mk
src/make/tpl-gen.incl.mk
src/perl/scripts/dockerfile-generator.pl
src/perl/scripts/generate-aws-switch-roles-bookmarks.pl
src/perl/scripts/split_file.pl
src/python/aws-credentials/aws-credentials.py
src/python/aws/examples/main.py
src/terraform/002-aws-accounts-remote-bucket/01-main.tf
src/terraform/002-aws-accounts-remote-bucket/02-variables.tf
src/terraform/002-aws-accounts-remote-bucket/03-s3-bucket.tf
src/terraform/002-aws-accounts/01-main.tf
src/terraform/002-aws-accounts/02-variables.tf
src/terraform/002-aws-accounts/03-outputs.tf
src/terraform/modules/account-id-filter-by-name/main.tf
src/terraform/modules/account-id-filter-by-name/variables.tf
src/terraform/modules/aws-account/main.tf
src/terraform/modules/aws-account/outputs.tf
src/terraform/modules/aws-account/variables.tf
src/terraform/modules/state-bucket/01-variables.tf
src/terraform/modules/state-bucket/02-state-bucket.tf
sub/sess-token-getter/src/python/scripts/aws-utils.py
sub/sess-token-getter/src/python/scripts/classes/AWSAccount.py
